 modbus

 Timestamp is 680b3576 (Fri Apr 25 10:10:46 2025)

 Preferred load address is 10000000

 Start         Length     Name                   Class
 0001:00000000 000924e0H .text$mn                CODE
 0001:000924e0 00000c87H .text$x                 CODE
 0002:00000000 000001c8H .idata$5                DATA
 0002:000001c8 0000000cH .00cfg                  DATA
 0002:000001d4 00000004H .CRT$XCA                DATA
 0002:000001d8 00000004H .CRT$XCZ                DATA
 0002:000001dc 00000004H .CRT$XIA                DATA
 0002:000001e0 0000000cH .CRT$XIC                DATA
 0002:000001ec 00000004H .CRT$XIZ                DATA
 0002:000001f0 00000004H .CRT$XPA                DATA
 0002:000001f4 00000008H .CRT$XPX                DATA
 0002:000001fc 00000004H .CRT$XPXA               DATA
 0002:00000200 00000004H .CRT$XPZ                DATA
 0002:00000204 00000004H .CRT$XTA                DATA
 0002:00000208 00000008H .CRT$XTZ                DATA
 0002:0000020c 00000000H .gfids$y                DATA
 0002:00000210 0001ea70H .rdata                  DATA
 0002:0001ec80 00000040H .rdata$CastGuardVftablesA DATA
 0002:0001ecc0 00000040H .rdata$CastGuardVftablesC DATA
 0002:0001ed00 000002a0H .rdata$r                DATA
 0002:0001efa0 0000019cH .rdata$sxdata           DATA
 0002:0001f13c 00000190H .rdata$voltmd           DATA
 0002:0001f2cc 000003acH .rdata$zzzdbg           DATA
 0002:0001f678 00000004H .rtc$IAA                DATA
 0002:0001f67c 00000010H .rtc$IMZ                DATA
 0002:0001f68c 00000004H .rtc$IZZ                DATA
 0002:0001f690 00000004H .rtc$TAA                DATA
 0002:0001f694 00000010H .rtc$TMZ                DATA
 0002:0001f6a4 00000004H .rtc$TZZ                DATA
 0002:0001f6a8 000018b8H .xdata$x                DATA
 0002:00020f60 00000880H .edata                  DATA
 0002:000217e0 00000028H .idata$2                DATA
 0002:00021808 00000014H .idata$3                DATA
 0002:0002181c 000001c8H .idata$4                DATA
 0002:000219e4 000006daH .idata$6                DATA
 0003:00000000 00001940H .data                   DATA
 0003:00001940 00000058H .data$r                 DATA
 0003:00001998 000000b8H .data$rs                DATA
 0003:00001a50 00001300H .bss                    DATA
 0004:00000000 000000a0H .rsrc$01                DATA
 0004:000000a0 000003f0H .rsrc$02                DATA

  Address         Publics by Value              Rva+Base       Lib:Object

 0000:00000000       ___AbsoluteZero            00000000     <absolute>
 0000:00000000       ___arm64x_extra_rfe_table  00000000     <absolute>
 0000:00000000       ___arm64x_extra_rfe_table_size 00000000     <absolute>
 0000:00000000       ___arm64x_native_entrypoint 00000000     <absolute>
 0000:00000000       ___arm64x_redirection_metadata 00000000     <absolute>
 0000:00000000       ___arm64x_redirection_metadata_count 00000000     <absolute>
 0000:00000000       ___dynamic_value_reloc_table 00000000     <absolute>
 0000:00000000       ___enclave_config          00000000     <absolute>
 0000:00000000       ___guard_check_icall_a64n_fptr 00000000     <absolute>
 0000:00000000       ___guard_eh_cont_count     00000000     <absolute>
 0000:00000000       ___guard_eh_cont_table     00000000     <absolute>
 0000:00000000       ___guard_fids_count        00000000     <absolute>
 0000:00000000       ___guard_fids_table        00000000     <absolute>
 0000:00000000       ___guard_iat_count         00000000     <absolute>
 0000:00000000       ___guard_iat_table         00000000     <absolute>
 0000:00000000       ___guard_longjmp_count     00000000     <absolute>
 0000:00000000       ___guard_longjmp_table     00000000     <absolute>
 0000:00000000       ___hybrid_auxiliary_delayload_iat 00000000     <absolute>
 0000:00000000       ___hybrid_auxiliary_delayload_iat_copy 00000000     <absolute>
 0000:00000000       ___hybrid_auxiliary_iat    00000000     <absolute>
 0000:00000000       ___hybrid_auxiliary_iat_copy 00000000     <absolute>
 0000:00000000       ___hybrid_code_map         00000000     <absolute>
 0000:00000000       ___hybrid_code_map_count   00000000     <absolute>
 0000:00000000       ___hybrid_image_info_bitfield 00000000     <absolute>
 0000:00000000       ___x64_code_ranges_to_entry_points 00000000     <absolute>
 0000:00000000       ___x64_code_ranges_to_entry_points_count 00000000     <absolute>
 0000:00000000       __except_list              00000000     <absolute>
 0000:00000067       ___safe_se_handler_count   00000067     <absolute>
 0000:00000100       ___guard_flags             00000100     <absolute>
 0000:00000000       ___ImageBase               10000000     <linker-defined>
 0001:00000000       _modbus_set_bits_from_byte 10001000 f   modbus-data.obj
 0001:00000060       _modbus_set_bits_from_bytes 10001060 f   modbus-data.obj
 0001:000000f0       _modbus_get_byte_from_bits 100010f0 f   modbus-data.obj
 0001:00000160       _modbus_get_float          10001160 f   modbus-data.obj
 0001:00000180       _modbus_get_float_abcd     10001180 f   modbus-data.obj
 0001:00000220       _modbus_get_float_dcba     10001220 f   modbus-data.obj
 0001:000002c0       _modbus_get_float_badc     100012c0 f   modbus-data.obj
 0001:00000360       _modbus_get_float_cdab     10001360 f   modbus-data.obj
 0001:00000400       _modbus_set_float          10001400 f   modbus-data.obj
 0001:00000420       _modbus_set_float_abcd     10001420 f   modbus-data.obj
 0001:000004b0       _modbus_set_float_dcba     100014b0 f   modbus-data.obj
 0001:00000540       _modbus_set_float_badc     10001540 f   modbus-data.obj
 0001:000005d0       _modbus_set_float_cdab     100015d0 f   modbus-data.obj
 0001:00000660       _modbus_new_rtu            10001660 f   modbus-rtu.obj
 0001:00000860       _modbus_rtu_set_serial_mode 10001860 f   modbus-rtu.obj
 0001:000008d0       _modbus_rtu_get_serial_mode 100018d0 f   modbus-rtu.obj
 0001:00000940       _modbus_rtu_set_rts        10001940 f   modbus-rtu.obj
 0001:000009b0       _modbus_rtu_get_rts        100019b0 f   modbus-rtu.obj
 0001:00000a20       _modbus_rtu_set_custom_rts 10001a20 f   modbus-rtu.obj
 0001:00000a90       _modbus_rtu_set_rts_delay  10001a90 f   modbus-rtu.obj
 0001:00000b00       _modbus_rtu_get_rts_delay  10001b00 f   modbus-rtu.obj
 0001:00001600       ___local_stdio_printf_options 10002600 f i modbus-rtu.obj
 0001:00001610       __vfprintf_l               10002610 f i modbus-rtu.obj
 0001:00001640       _fprintf                   10002640 f i modbus-rtu.obj
 0001:00001680       _printf                    10002680 f i modbus-rtu.obj
 0001:000016c0       _modbus_new_tcp            100026c0 f   modbus-tcp.obj
 0001:00001810       _modbus_tcp_listen         10002810 f   modbus-tcp.obj
 0001:000019b0       _modbus_tcp_accept         100029b0 f   modbus-tcp.obj
 0001:00001a70       _modbus_new_tcp_pi         10002a70 f   modbus-tcp.obj
 0001:00001bd0       _modbus_tcp_pi_listen      10002bd0 f   modbus-tcp.obj
 0001:00001e70       _modbus_tcp_pi_accept      10002e70 f   modbus-tcp.obj
 0001:00002ca0       _modbus_set_slave          10003ca0 f   modbus.obj
 0001:00002ce0       _modbus_get_slave          10003ce0 f   modbus.obj
 0001:00002d00       _modbus_set_error_recovery 10003d00 f   modbus.obj
 0001:00002d30       _modbus_set_socket         10003d30 f   modbus.obj
 0001:00002d60       _modbus_get_socket         10003d60 f   modbus.obj
 0001:00002d90       _modbus_get_response_timeout 10003d90 f   modbus.obj
 0001:00002dd0       _modbus_set_response_timeout 10003dd0 f   modbus.obj
 0001:00002e20       _modbus_get_byte_timeout   10003e20 f   modbus.obj
 0001:00002e60       _modbus_set_byte_timeout   10003e60 f   modbus.obj
 0001:00002ea0       _modbus_get_indication_timeout 10003ea0 f   modbus.obj
 0001:00002ee0       _modbus_set_indication_timeout 10003ee0 f   modbus.obj
 0001:00002f20       _modbus_get_header_length  10003f20 f   modbus.obj
 0001:00002f50       _modbus_connect            10003f50 f   modbus.obj
 0001:00002f80       _modbus_close              10003f80 f   modbus.obj
 0001:00002fa0       _modbus_free               10003fa0 f   modbus.obj
 0001:00002fc0       _modbus_flush              10003fc0 f   modbus.obj
 0001:00003020       _modbus_set_debug          10004020 f   modbus.obj
 0001:00003050       _modbus_strerror           10004050 f   modbus.obj
 0001:00003140       _modbus_read_bits          10004140 f   modbus.obj
 0001:000031d0       _modbus_read_input_bits    100041d0 f   modbus.obj
 0001:00003260       _modbus_read_registers     10004260 f   modbus.obj
 0001:000032e0       _modbus_read_input_registers 100042e0 f   modbus.obj
 0001:00003360       _modbus_write_bit          10004360 f   modbus.obj
 0001:000033b0       _modbus_write_register     100043b0 f   modbus.obj
 0001:000033f0       _modbus_write_bits         100043f0 f   modbus.obj
 0001:00003700       _modbus_write_registers    10004700 f   modbus.obj
 0001:000038e0       _modbus_mask_write_register 100048e0 f   modbus.obj
 0001:00003a40       _modbus_write_and_read_registers 10004a40 f   modbus.obj
 0001:00003d80       _modbus_report_slave_id    10004d80 f   modbus.obj
 0001:00003ef0       _modbus_mapping_new_start_address 10004ef0 f   modbus.obj
 0001:00004110       _modbus_mapping_new        10005110 f   modbus.obj
 0001:00004140       _modbus_mapping_free       10005140 f   modbus.obj
 0001:000041a0       _modbus_send_raw_request   100051a0 f   modbus.obj
 0001:000041c0       _modbus_send_raw_request_tid 100051c0 f   modbus.obj
 0001:000042d0       _modbus_receive            100052d0 f   modbus.obj
 0001:00004310       _modbus_receive_confirmation 10005310 f   modbus.obj
 0001:00004340       _modbus_reply              10005340 f   modbus.obj
 0001:000056a0       _modbus_reply_exception    100066a0 f   modbus.obj
 0001:000057c0       _modbus_enable_quirks      100067c0 f   modbus.obj
 0001:000057f0       _modbus_disable_quirks     100067f0 f   modbus.obj
 0001:00005820       __modbus_init_common       10006820 f   modbus.obj
 0001:000058a0       __error_print              100068a0 f   modbus.obj
 0001:00005920       __modbus_receive_msg       10006920 f   modbus.obj
 0001:00005e10       _strlcpy                   10006e10 f   modbus.obj
 0001:00006d70       _vfprintf                  10007d70 f i modbus.obj
 0001:00006d8b       _accept@12                 10007d8b f   ws2_32:WS2_32.dll
 0001:00006d91       _bind@12                   10007d91 f   ws2_32:WS2_32.dll
 0001:00006d97       _closesocket@4             10007d97 f   ws2_32:WS2_32.dll
 0001:00006d9d       _connect@12                10007d9d f   ws2_32:WS2_32.dll
 0001:00006da3       _ioctlsocket@12            10007da3 f   ws2_32:WS2_32.dll
 0001:00006da9       _getsockopt@20             10007da9 f   ws2_32:WS2_32.dll
 0001:00006daf       _htonl@4                   10007daf f   ws2_32:WS2_32.dll
 0001:00006db5       _htons@4                   10007db5 f   ws2_32:WS2_32.dll
 0001:00006dbb       _listen@8                  10007dbb f   ws2_32:WS2_32.dll
 0001:00006dc1       _recv@16                   10007dc1 f   ws2_32:WS2_32.dll
 0001:00006dc7       _select@20                 10007dc7 f   ws2_32:WS2_32.dll
 0001:00006dcd       _send@16                   10007dcd f   ws2_32:WS2_32.dll
 0001:00006dd3       _setsockopt@20             10007dd3 f   ws2_32:WS2_32.dll
 0001:00006dd9       _shutdown@8                10007dd9 f   ws2_32:WS2_32.dll
 0001:00006ddf       _socket@12                 10007ddf f   ws2_32:WS2_32.dll
 0001:00006de5       _WSAStartup@8              10007de5 f   ws2_32:WS2_32.dll
 0001:00006deb       _WSAGetLastError@0         10007deb f   ws2_32:WS2_32.dll
 0001:00006df1       _getaddrinfo@16            10007df1 f   ws2_32:WS2_32.dll
 0001:00006df7       _freeaddrinfo@4            10007df7 f   ws2_32:WS2_32.dll
 0001:00006dfd       _inet_pton@12              10007dfd f   ws2_32:WS2_32.dll
 0001:00006e03       _inet_ntop@16              10007e03 f   ws2_32:WS2_32.dll
 0001:00006e09       _CreateFileA@28            10007e09 f   kernel32:KERNEL32.dll
 0001:00006e0f       _ReadFile@20               10007e0f f   kernel32:KERNEL32.dll
 0001:00006e15       _WriteFile@20              10007e15 f   kernel32:KERNEL32.dll
 0001:00006e1b       _CloseHandle@4             10007e1b f   kernel32:KERNEL32.dll
 0001:00006e21       _GetLastError@0            10007e21 f   kernel32:KERNEL32.dll
 0001:00006e27       _GetCommState@8            10007e27 f   kernel32:KERNEL32.dll
 0001:00006e2d       _PurgeComm@8               10007e2d f   kernel32:KERNEL32.dll
 0001:00006e33       _SetCommState@8            10007e33 f   kernel32:KERNEL32.dll
 0001:00006e39       _SetCommTimeouts@8         10007e39 f   kernel32:KERNEL32.dll
 0001:00006e3f       _Sleep@4                   10007e3f f   kernel32:KERNEL32.dll
 0001:00006e50       __CRT_RTC_INIT             10007e50 f   LIBCMTD:init.obj
 0001:00006e60       __CRT_RTC_INITW            10007e60 f   LIBCMTD:init.obj
 0001:00006e70       __RTC_InitBase             10007e70 f   LIBCMTD:init.obj
 0001:00006ea0       __RTC_Shutdown             10007ea0 f   LIBCMTD:init.obj
 0001:00006ec0       @__security_check_cookie@4 10007ec0 f   LIBCMTD:secchk.obj
 0001:00006ed0       ___raise_securityfailure   10007ed0 f   LIBCMTD:gs_report.obj
 0001:00006f00       ___report_gsfailure        10007f00 f   LIBCMTD:gs_report.obj
 0001:00007010       ___report_rangecheckfailure 10008010 f   LIBCMTD:gs_report.obj
 0001:00007020       ___report_securityfailure  10008020 f   LIBCMTD:gs_report.obj
 0001:00007100       ___report_securityfailureEx 10008100 f   LIBCMTD:gs_report.obj
 0001:00007700       __CRT_INIT@12              10008700 f   LIBCMTD:dll_dllmain.obj
 0001:00007720       __DllMainCRTStartup@12     10008720 f   LIBCMTD:dll_dllmain.obj
 0001:00007750       ?_RTC_GetErrorFunc@@YAP6AHHPBDH00ZZPBX@Z 10008750 f   LIBCMTD:userapi.obj
 0001:00007760       ?_RTC_GetErrorFuncW@@YAP6AHHPB_WH00ZZPBX@Z 10008760 f   LIBCMTD:userapi.obj
 0001:00007770       __RTC_GetErrDesc           10008770 f   LIBCMTD:userapi.obj
 0001:00007790       __RTC_NumErrors            10008790 f   LIBCMTD:userapi.obj
 0001:000077a0       __RTC_SetErrorFunc         100087a0 f   LIBCMTD:userapi.obj
 0001:000077c0       __RTC_SetErrorFuncW        100087c0 f   LIBCMTD:userapi.obj
 0001:000077e0       __RTC_SetErrorType         100087e0 f   LIBCMTD:userapi.obj
 0001:00007880       ___security_init_cookie    10008880 f   LIBCMTD:gs_support.obj
 0001:00007900       _DllMain@12                10008900 f   LIBCMTD:dll_dllmain_stub.obj
 0001:00007910       ?__scrt_initialize_type_info@@YAXXZ 10008910 f   LIBCMTD:tncleanup.obj
 0001:00007930       ?__scrt_uninitialize_type_info@@YAXXZ 10008930 f   LIBCMTD:tncleanup.obj
 0001:00007950       ___local_stdio_scanf_options 10008950 f i LIBCMTD:default_local_stdio_options.obj
 0001:00007960       ___scrt_initialize_default_local_stdio_options 10008960 f   LIBCMTD:default_local_stdio_options.obj
 0001:000079a0       ?configure_argv@__scrt_narrow_argv_policy@@SAHXZ 100089a0 f i LIBCMTD:utility.obj
 0001:00007a50       ?initialize_environment@__scrt_narrow_environment_policy@@SAHXZ 10008a50 f i LIBCMTD:utility.obj
 0001:00007ad0       _NtCurrentTeb              10008ad0 f i LIBCMTD:utility.obj
 0001:00007ae0       ___scrt_acquire_startup_lock 10008ae0 f   LIBCMTD:utility.obj
 0001:00007b30       ___scrt_dllmain_after_initialize_c 10008b30 f   LIBCMTD:utility.obj
 0001:00007b60       ___scrt_dllmain_before_initialize_c 10008b60 f   LIBCMTD:utility.obj
 0001:00007b80       ___scrt_dllmain_crt_thread_attach 10008b80 f   LIBCMTD:utility.obj
 0001:00007bb0       ___scrt_dllmain_crt_thread_detach 10008bb0 f   LIBCMTD:utility.obj
 0001:00007bd0       ___scrt_dllmain_exception_filter 10008bd0 f   LIBCMTD:utility.obj
 0001:00007c20       ___scrt_dllmain_uninitialize_c 10008c20 f   LIBCMTD:utility.obj
 0001:00007c50       ___scrt_dllmain_uninitialize_critical 10008c50 f   LIBCMTD:utility.obj
 0001:00007c70       ___scrt_initialize_crt     10008c70 f   LIBCMTD:utility.obj
 0001:00007cc0       ___scrt_initialize_onexit_tables 10008cc0 f   LIBCMTD:utility.obj
 0001:00007da0       ___scrt_is_nonwritable_in_current_image 10008da0 f   LIBCMTD:utility.obj
 0001:00007ed0       ___scrt_release_startup_lock 10008ed0 f   LIBCMTD:utility.obj
 0001:00007f00       ___scrt_uninitialize_crt   10008f00 f   LIBCMTD:utility.obj
 0001:00007f40       __onexit                   10008f40 f   LIBCMTD:utility.obj
 0001:00007fb0       _at_quick_exit             10008fb0 f   LIBCMTD:utility.obj
 0001:00007ff0       _atexit                    10008ff0 f   LIBCMTD:utility.obj
 0001:00008020       ___scrt_get_dyn_tls_init_callback 10009020 f   LIBCMTD:dyn_tls_init.obj
 0001:00008030       ___scrt_fastfail           10009030 f   LIBCMTD:utility_desktop.obj
 0001:00008170       ___scrt_get_show_window_mode 10009170 f   LIBCMTD:utility_desktop.obj
 0001:000081b0       ___scrt_initialize_mta     100091b0 f   LIBCMTD:utility_desktop.obj
 0001:000081c0       ___scrt_initialize_winrt   100091c0 f   LIBCMTD:utility_desktop.obj
 0001:000081d0       ___scrt_is_managed_app     100091d0 f   LIBCMTD:utility_desktop.obj
 0001:00008260       ___scrt_set_unhandled_exception_filter 10009260 f   LIBCMTD:utility_desktop.obj
 0001:00008280       ___scrt_exe_initialize_mta 10009280 f   LIBCMTD:utility_desktop.obj
 0001:00008280       ___scrt_stub_for_initialize_mta 10009280 f   LIBCMTD:utility_desktop.obj
 0001:00008290       ___scrt_unhandled_exception_filter@4 10009290 f   LIBCMTD:utility_desktop.obj
 0001:00008310       __crt_debugger_hook        10009310 f   LIBCMTD:utility_desktop.obj
 0001:00008320       __RTC_Initialize           10009320 f   LIBCMTD:initsect.obj
 0001:00008350       __RTC_Terminate            10009350 f   LIBCMTD:initsect.obj
 0001:00008380       @_guard_check_icall_nop@4  10009380 f i LIBCMTD:guard_support.obj
 0001:00008390       _ReadNoFence               10009390 f i LIBCMTD:guard_support.obj
 0001:000083b0       _ReadPointerNoFence        100093b0 f i LIBCMTD:guard_support.obj
 0001:000083d0       __InlineInterlockedExchangePointer 100093d0 f i LIBCMTD:guard_support.obj
 0001:000083e0       ___castguard_check_failure_debugbreak 100093e0 f i LIBCMTD:guard_support.obj
 0001:00008400       ___castguard_check_failure_fastfail 10009400 f i LIBCMTD:guard_support.obj
 0001:00008420       ___castguard_check_failure_nop 10009420 f i LIBCMTD:guard_support.obj
 0001:00008430       ___castguard_check_failure_os_handled 10009430 f i LIBCMTD:guard_support.obj
 0001:00008490       ___castguard_check_failure_user_handled 10009490 f i LIBCMTD:guard_support.obj
 0001:00008540       ___castguard_set_user_handler 10009540 f i LIBCMTD:guard_support.obj
 0001:00008560       ___castguard_slow_path_check_debugbreak 10009560 f i LIBCMTD:guard_support.obj
 0001:00008590       ___castguard_slow_path_check_fastfail 10009590 f i LIBCMTD:guard_support.obj
 0001:000085d0       ___castguard_slow_path_check_nop 100095d0 f i LIBCMTD:guard_support.obj
 0001:000085e0       ___castguard_slow_path_check_os_handled 100095e0 f i LIBCMTD:guard_support.obj
 0001:00008620       ___castguard_slow_path_check_user_handled 10009620 f i LIBCMTD:guard_support.obj
 0001:000086a0       __guard_icall_checks_enforced 100096a0 f i LIBCMTD:guard_support.obj
 0001:00008760       ?_RTC_AllocaFailure@@YAXPAXPAU_RTC_ALLOCA_NODE@@H@Z 10009760 f   LIBCMTD:error.obj
 0001:00008850       ?_RTC_Failure@@YAXPAXH@Z   10009850 f   LIBCMTD:error.obj
 0001:000088a0       ?_RTC_StackFailure@@YAXPAXPBD@Z 100098a0 f   LIBCMTD:error.obj
 0001:00008c90       __RTC_UninitUse            10009c90 f   LIBCMTD:error.obj
 0001:00008d40       __vsprintf_s_l             10009d40 f i LIBCMTD:error.obj
 0001:00008d70       _sprintf_s                 10009d70 f i LIBCMTD:error.obj
 0001:00008d90       ___isa_available_init      10009d90 f   LIBCMTD:cpu_disp.obj
 0001:00009220       __get_startup_argv_mode    1000a220 f   LIBCMTD:argv_mode.obj
 0001:00009230       ___scrt_is_ucrt_dll_in_use 1000a230 f   LIBCMTD:ucrt_detection.obj
 0001:000096b0       ?_RTC_GetSrcLine@@YAHPAEPA_WKPAH1K@Z 1000a6b0 f   LIBCMTD:pdblkup.obj
 0001:00009a30       __except_handler4_noexcept 1000aa30 f   LIBCMTD:chandler4_noexcept.obj
 0001:00009a90       _memcpy                    1000aa90 f   libvcruntimed:memcpy.obj
 0001:0000a010       _memset                    1000b010 f   libvcruntimed:memset.obj
 0001:0000a1d0       __except_handler4          1000b1d0 f   libvcruntimed:chandler4.obj
 0001:0000a400       ??$?RD@__crt_internal_free_policy@@QBEXQBD@Z 1000b400 f i libvcruntimed:std_type_info.obj
 0001:0000a420       ??$?RX@__crt_internal_free_policy@@QBEXQBX@Z 1000b420 f i libvcruntimed:std_type_info.obj
 0001:0000a440       ??$__crt_interlocked_compare_exchange_pointer@$$CBDPAD$$T@@YAPBDPDSBDQAD$$T@Z 1000b440 f i libvcruntimed:std_type_info.obj
 0001:0000a460       ??$__crt_interlocked_read_pointer@$$CBD@@YAPBDPDSBD@Z 1000b460 f i libvcruntimed:std_type_info.obj
 0001:0000a480       ??0?$__crt_unique_heap_ptr@DU__crt_internal_free_policy@@@@QAE@QAD@Z 1000b480 f i libvcruntimed:std_type_info.obj
 0001:0000a4a0       ??0?$__crt_unique_heap_ptr@XU__crt_internal_free_policy@@@@QAE@QAX@Z 1000b4a0 f i libvcruntimed:std_type_info.obj
 0001:0000a4c0       ??1?$__crt_unique_heap_ptr@DU__crt_internal_free_policy@@@@QAE@XZ 1000b4c0 f i libvcruntimed:std_type_info.obj
 0001:0000a4e0       ??1?$__crt_unique_heap_ptr@XU__crt_internal_free_policy@@@@QAE@XZ 1000b4e0 f i libvcruntimed:std_type_info.obj
 0001:0000a500       ??B?$__crt_unique_heap_ptr@DU__crt_internal_free_policy@@@@QBE_NXZ 1000b500 f i libvcruntimed:std_type_info.obj
 0001:0000a520       ??B?$__crt_unique_heap_ptr@XU__crt_internal_free_policy@@@@QBE_NXZ 1000b520 f i libvcruntimed:std_type_info.obj
 0001:0000a590       ?__crt_interlocked_read_32@@YAHPDH@Z 1000b590 f i libvcruntimed:std_type_info.obj
 0001:0000a5b0       ?detach@?$__crt_unique_heap_ptr@XU__crt_internal_free_policy@@@@QAEPAXXZ 1000b5b0 f i libvcruntimed:std_type_info.obj
 0001:0000a5e0       ?get@?$__crt_unique_heap_ptr@DU__crt_internal_free_policy@@@@QBEPADXZ 1000b5e0 f i libvcruntimed:std_type_info.obj
 0001:0000a5f0       ?get@?$__crt_unique_heap_ptr@XU__crt_internal_free_policy@@@@QBEPAXXZ 1000b5f0 f i libvcruntimed:std_type_info.obj
 0001:0000a600       ?is_valid@?$__crt_unique_heap_ptr@DU__crt_internal_free_policy@@@@QBE_NXZ 1000b600 f i libvcruntimed:std_type_info.obj
 0001:0000a630       ?is_valid@?$__crt_unique_heap_ptr@XU__crt_internal_free_policy@@@@QBE_NXZ 1000b630 f i libvcruntimed:std_type_info.obj
 0001:0000a660       ?release@?$__crt_unique_heap_ptr@DU__crt_internal_free_policy@@@@QAEXXZ 1000b660 f i libvcruntimed:std_type_info.obj
 0001:0000a690       ?release@?$__crt_unique_heap_ptr@XU__crt_internal_free_policy@@@@QAEXXZ 1000b690 f i libvcruntimed:std_type_info.obj
 0001:0000a6c0       ___std_type_info_compare   1000b6c0 f   libvcruntimed:std_type_info.obj
 0001:0000a6f0       ___std_type_info_destroy_list 1000b6f0 f   libvcruntimed:std_type_info.obj
 0001:0000a730       ___std_type_info_hash      1000b730 f   libvcruntimed:std_type_info.obj
 0001:0000a790       ___std_type_info_name      1000b790 f   libvcruntimed:std_type_info.obj
 0001:0000a960       ___vcrt_initialize         1000b960 f   libvcruntimed:initialization.obj
 0001:0000a9a0       ___vcrt_thread_attach      1000b9a0 f   libvcruntimed:initialization.obj
 0001:0000a9c0       ___vcrt_thread_detach      1000b9c0 f   libvcruntimed:initialization.obj
 0001:0000a9d0       ___vcrt_uninitialize       1000b9d0 f   libvcruntimed:initialization.obj
 0001:0000a9f0       ___vcrt_uninitialize_critical 1000b9f0 f   libvcruntimed:initialization.obj
 0001:0000aa10       ___DestructExceptionObject 1000ba10 f   libvcruntimed:ehhelpers.obj
 0001:0000ab30       ?_CallMemberFunction0@@YGXQAX0@Z 1000bb30 f i libvcruntimed:ehhelpers.obj
 0001:0000abd0       ?raw_name@type_info@@QBEPBDXZ 1000bbd0 f i libvcruntimed:ehhelpers.obj
 0001:0000abf0       __IsExceptionObjectToBeDestroyed 1000bbf0 f   libvcruntimed:ehhelpers.obj
 0001:0000ac30       __SetWinRTOutOfMemoryExceptionCallback 1000bc30 f   libvcruntimed:ehhelpers.obj
 0001:0000ac40       ___AdjustPointer           1000bc40 f   libvcruntimed:ehhelpers.obj
 0001:0000ac90       ___FrameUnwindFilter       1000bc90 f   libvcruntimed:ehhelpers.obj
 0001:0000ad20       ___GetPlatformExceptionInfo 1000bd20 f   libvcruntimed:ehhelpers.obj
 0001:0000ada0       ___current_exception       1000bda0 f   libvcruntimed:ehhelpers.obj
 0001:0000adb0       ___current_exception_context 1000bdb0 f   libvcruntimed:ehhelpers.obj
 0001:0000adc0       ___processing_throw        1000bdc0 f   libvcruntimed:ehhelpers.obj
 0001:0000add0       ___std_terminate           1000bdd0 f   libvcruntimed:ehhelpers.obj
 0001:0000ade0       __is_exception_typeof      1000bde0 f   libvcruntimed:ehhelpers.obj
 0001:0000aec0       ___vcrt_GetModuleFileNameW 1000bec0 f   libvcruntimed:winapi_thunks.obj
 0001:0000aee0       ___vcrt_GetModuleHandleW   1000bee0 f   libvcruntimed:winapi_thunks.obj
 0001:0000aef0       ___vcrt_LoadLibraryExW     1000bef0 f   libvcruntimed:winapi_thunks.obj
 0001:0000af10       __local_unwind4            1000bf10 f   libvcruntimed:exsup4.obj
 0001:0000b000       __seh_longjmp_unwind4@4    1000c000 f   libvcruntimed:exsup4.obj
 0001:0000b030       @_EH4_CallFilterFunc@8     1000c030 f   libvcruntimed:exsup4.obj
 0001:0000b050       @_EH4_TransferToHandler@8  1000c050 f   libvcruntimed:exsup4.obj
 0001:0000b070       @_EH4_GlobalUnwind2@8      1000c070 f   libvcruntimed:exsup4.obj
 0001:0000b090       @_EH4_LocalUnwind@16       1000c090 f   libvcruntimed:exsup4.obj
 0001:0000b0c0       ___except_validate_context_record 1000c0c0 f   libvcruntimed:jbcxrval.obj
 0001:0000b110       ___except_validate_jump_buffer 1000c110 f   libvcruntimed:jbcxrval.obj
 0001:0000b130       ___except_validate_jump_buffer_common 1000c130 f i libvcruntimed:jbcxrval.obj
 0001:0000b190       ??$?0$00@DName@@QAE@PBDU?$StringLifeSelector@$00@@@Z 1000c190 f i libvcruntimed:undname.obj
 0001:0000b1f0       ??$?0$00@pcharNode@@QAE@PBDHU?$StringLifeSelector@$00@@@Z 1000c1f0 f i libvcruntimed:undname.obj
 0001:0000b230       ??$?0$01@DName@@QAE@PBDU?$StringLifeSelector@$01@@@Z 1000c230 f i libvcruntimed:undname.obj
 0001:0000b290       ??$?0$01@pcharNode@@QAE@PBDHU?$StringLifeSelector@$01@@@Z 1000c290 f i libvcruntimed:undname.obj
 0001:0000b310       ??$?0$0A@@DName@@QAE@PBDU?$StringLifeSelector@$0A@@@@Z 1000c310 f i libvcruntimed:undname.obj
 0001:0000b370       ??$?0$0A@@pcharNode@@QAE@PBDHU?$StringLifeSelector@$0A@@@@Z 1000c370 f i libvcruntimed:undname.obj
 0001:0000b3f0       ??$?0_K$0A@@?$optional@_K@std@@QAE@$$QA_K@Z 1000c3f0 f i libvcruntimed:undname.obj
 0001:0000b420       ??$?0_K@?$_Optional_construct_base@_K@std@@QAE@Uin_place_t@1@$$QA_K@Z 1000c420 f i libvcruntimed:undname.obj
 0001:0000b450       ??$?0_K@?$_Optional_destruct_base@_K$00@std@@QAE@Uin_place_t@1@$$QA_K@Z 1000c450 f i libvcruntimed:undname.obj
 0001:0000b480       ??$append@VDNameNode@@@DName@@AAEXPBVDNameNode@@@Z 1000c480 f i libvcruntimed:undname.obj
 0001:0000b510       ??$append@VDNameStatusNode@@@DName@@AAEXPBVDNameStatusNode@@@Z 1000c510 f i libvcruntimed:undname.obj
 0001:0000b5a0       ??$append@VcharNode@@@DName@@AAEXPBVcharNode@@@Z 1000c5a0 f i libvcruntimed:undname.obj
 0001:0000b630       ??$append@VpDNameNode@@@DName@@AAEXPBVpDNameNode@@@Z 1000c630 f i libvcruntimed:undname.obj
 0001:0000b6c0       ??$append@VpcharNode@@@DName@@AAEXPBVpcharNode@@@Z 1000c6c0 f i libvcruntimed:undname.obj
 0001:0000b750       ??$doPchar@$00@DName@@AAEXPBDH@Z 1000c750 f i libvcruntimed:undname.obj
 0001:0000b860       ??$doPchar@$01@DName@@AAEXPBDH@Z 1000c860 f i libvcruntimed:undname.obj
 0001:0000b970       ??$doPchar@$0A@@DName@@AAEXPBDH@Z 1000c970 f i libvcruntimed:undname.obj
 0001:0000bba0       ??0?$_Optional_construct_base@_K@std@@QAE@XZ 1000cba0 f i libvcruntimed:undname.obj
 0001:0000bbc0       ??0?$_Optional_destruct_base@_K$00@std@@QAE@XZ 1000cbc0 f i libvcruntimed:undname.obj
 0001:0000bbe0       ??0?$optional@_K@std@@QAE@XZ 1000cbe0 f i libvcruntimed:undname.obj
 0001:0000bc00       ??0Block@_HeapManager@@QAE@XZ 1000cc00 f i libvcruntimed:undname.obj
 0001:0000bc20       ??0DName@@QAE@AAPBDD@Z     1000cc20 f   libvcruntimed:undname.obj
 0001:0000bd90       ??0DName@@QAE@ABUStringLiteral@@@Z 1000cd90 f   libvcruntimed:undname.obj
 0001:0000bde0       ??0DName@@QAE@ABV0@@Z      1000cde0 f i libvcruntimed:undname.obj
 0001:0000be10       ??0DName@@QAE@D@Z          1000ce10 f   libvcruntimed:undname.obj
 0001:0000be50       ??0DName@@QAE@PAV0@@Z      1000ce50 f   libvcruntimed:undname.obj
 0001:0000bf00       ??0DName@@QAE@W4DNameStatus@@@Z 1000cf00 f   libvcruntimed:undname.obj
 0001:0000bfa0       ??0DName@@QAE@XZ           1000cfa0 f i libvcruntimed:undname.obj
 0001:0000bfd0       ??0DName@@QAE@_J@Z         1000cfd0 f   libvcruntimed:undname.obj
 0001:0000c0c0       ??0DName@@QAE@_K@Z         1000d0c0 f   libvcruntimed:undname.obj
 0001:0000c170       ??0DNameNode@@IAE@XZ       1000d170 f i libvcruntimed:undname.obj
 0001:0000c190       ??0Replicator@@QAE@XZ      1000d190 f i libvcruntimed:undname.obj
 0001:0000c1f0       ??0UnDecorator@@QAE@PBDP6APADJ@ZK@Z 1000d1f0 f i libvcruntimed:undname.obj
 0001:0000c270       ??0_Nontrivial_dummy_type@std@@QAE@XZ 1000d270 f i libvcruntimed:undname.obj
 0001:0000c280       ??0charNode@@QAE@D@Z       1000d280 f i libvcruntimed:undname.obj
 0001:0000c2b0       ??0pDNameNode@@QAE@PAVDName@@@Z 1000d2b0 f   libvcruntimed:undname.obj
 0001:0000c310       ??0pairNode@@QAE@PBVDNameNode@@0@Z 1000d310 f i libvcruntimed:undname.obj
 0001:0000c370       ??2@YAPAXIAAV_HeapManager@@H@Z 1000d370 f   libvcruntimed:undname.obj
 0001:0000c3b0       ??4DName@@QAEAAV0@ABUStringLiteral@@@Z 1000d3b0 f   libvcruntimed:undname.obj
 0001:0000c3f0       ??4DName@@QAEAAV0@ABV0@@Z  1000d3f0 f   libvcruntimed:undname.obj
 0001:0000c420       ??4DName@@QAEAAV0@D@Z      1000d420 f i libvcruntimed:undname.obj
 0001:0000c450       ??4DName@@QAEAAV0@PAV0@@Z  1000d450 f   libvcruntimed:undname.obj
 0001:0000c4f0       ??4DName@@QAEAAV0@W4DNameStatus@@@Z 1000d4f0 f   libvcruntimed:undname.obj
 0001:0000c570       ??AReplicator@@QBE?AVDName@@H@Z 1000d570 f   libvcruntimed:undname.obj
 0001:0000c5e0       ??B?$optional@_K@std@@QBE_NXZ 1000d5e0 f i libvcruntimed:undname.obj
 0001:0000c600       ??D?$_Optional_construct_base@_K@std@@QGAEAA_KXZ 1000d600 f i libvcruntimed:undname.obj
 0001:0000c670       ??H@YA?AVDName@@ABUStringLiteral@@ABV0@@Z 1000d670 f i libvcruntimed:undname.obj
 0001:0000c6a0       ??H@YA?AVDName@@DABV0@@Z   1000d6a0 f i libvcruntimed:undname.obj
 0001:0000c6d0       ??H@YA?AVDName@@W4DNameStatus@@ABV0@@Z 1000d6d0 f i libvcruntimed:undname.obj
 0001:0000c700       ??HDName@@QBE?AV0@ABUStringLiteral@@@Z 1000d700 f   libvcruntimed:undname.obj
 0001:0000c730       ??HDName@@QBE?AV0@ABV0@@Z  1000d730 f   libvcruntimed:undname.obj
 0001:0000c760       ??HDName@@QBE?AV0@D@Z      1000d760 f   libvcruntimed:undname.obj
 0001:0000c790       ??HDName@@QBE?AV0@PAV0@@Z  1000d790 f   libvcruntimed:undname.obj
 0001:0000c7c0       ??HDName@@QBE?AV0@W4DNameStatus@@@Z 1000d7c0 f   libvcruntimed:undname.obj
 0001:0000c7f0       ??HStringLiteral@@QBE?AU0@H@Z 1000d7f0 f i libvcruntimed:undname.obj
 0001:0000c820       ??YDName@@QAEAAV0@ABUStringLiteral@@@Z 1000d820 f   libvcruntimed:undname.obj
 0001:0000c8c0       ??YDName@@QAEAAV0@ABV0@@Z  1000d8c0 f   libvcruntimed:undname.obj
 0001:0000c960       ??YDName@@QAEAAV0@D@Z      1000d960 f   libvcruntimed:undname.obj
 0001:0000c9f0       ??YDName@@QAEAAV0@PAV0@@Z  1000d9f0 f   libvcruntimed:undname.obj
 0001:0000cab0       ??YDName@@QAEAAV0@W4DNameStatus@@@Z 1000dab0 f   libvcruntimed:undname.obj
 0001:0000cb20       ??YReplicator@@QAEAAV0@ABVDName@@@Z 1000db20 f   libvcruntimed:undname.obj
 0001:0000cbb0       ??_5DName@@QAEAAV0@ABV0@@Z 1000dbb0 f   libvcruntimed:undname.obj
 0001:0000cc10       ??__K_l@@YA?AUStringLiteral@@PBDI@Z 1000dc10 f i libvcruntimed:undname.obj
 0001:0000cc30       ?Constructor@_HeapManager@@QAEXP6APAXI@ZP6AXPAX@Z@Z 1000dc30 f i libvcruntimed:undname.obj
 0001:0000cc70       ?Destructor@_HeapManager@@QAEXXZ 1000dc70 f i libvcruntimed:undname.obj
 0001:0000cce0       ?UScore@UnDecorator@@SA?AUStringLiteral@@W4Tokens@@@Z 1000dce0 f   libvcruntimed:undname.obj
 0001:0000cd30       ?composeDeclaration@UnDecorator@@CA?AVDName@@ABV2@@Z 1000dd30 f i libvcruntimed:undname.obj
 0001:0000ed00       ?doAccessSpecifiers@UnDecorator@@SAHXZ 1000fd00 f i libvcruntimed:undname.obj
 0001:0000ed30       ?doAllocationLanguage@UnDecorator@@SAHXZ 1000fd30 f i libvcruntimed:undname.obj
 0001:0000ed60       ?doAllocationModel@UnDecorator@@SAHXZ 1000fd60 f i libvcruntimed:undname.obj
 0001:0000ed90       ?doEcsu@UnDecorator@@SAHXZ 1000fd90 f i libvcruntimed:undname.obj
 0001:0000edc0       ?doEllipsis@UnDecorator@@SAHXZ 1000fdc0 f i libvcruntimed:undname.obj
 0001:0000edf0       ?doFunctionReturns@UnDecorator@@SAHXZ 1000fdf0 f i libvcruntimed:undname.obj
 0001:0000ee20       ?doMSKeywords@UnDecorator@@SAHXZ 1000fe20 f i libvcruntimed:undname.obj
 0001:0000ee50       ?doMemberTypes@UnDecorator@@SAHXZ 1000fe50 f i libvcruntimed:undname.obj
 0001:0000ee80       ?doNameOnly@UnDecorator@@SAHXZ 1000fe80 f i libvcruntimed:undname.obj
 0001:0000ee90       ?doNoIdentCharCheck@UnDecorator@@SAHXZ 1000fe90 f i libvcruntimed:undname.obj
 0001:0000eea0       ?doPchar@DName@@AAEXD@Z    1000fea0 f   libvcruntimed:undname.obj
 0001:0000ef10       ?doPtr64@UnDecorator@@SAHXZ 1000ff10 f i libvcruntimed:undname.obj
 0001:0000ef40       ?doRestrictionSpec@UnDecorator@@SAHXZ 1000ff40 f i libvcruntimed:undname.obj
 0001:0000ef70       ?doThisTypes@UnDecorator@@SAHXZ 1000ff70 f i libvcruntimed:undname.obj
 0001:0000efa0       ?doThrowTypes@UnDecorator@@SAHXZ 1000ffa0 f i libvcruntimed:undname.obj
 0001:0000efd0       ?doTypeOnly@UnDecorator@@SAHXZ 1000ffd0 f i libvcruntimed:undname.obj
 0001:0000efe0       ?doUnderScore@UnDecorator@@SAHXZ 1000ffe0 f i libvcruntimed:undname.obj
 0001:0000f010       ?getAddressOf@UnDecorator@@CA?AVDName@@XZ 10010010 f   libvcruntimed:undname.obj
 0001:0000f090       ?getArgumentList@UnDecorator@@CA?AVDName@@XZ 10010090 f   libvcruntimed:undname.obj
 0001:0000f1d0       ?getArgumentTypes@UnDecorator@@CA?AVDName@@XZ 100101d0 f   libvcruntimed:undname.obj
 0001:0000f380       ?getArrayAccess@UnDecorator@@CA?AVDName@@XZ 10010380 f   libvcruntimed:undname.obj
 0001:0000f410       ?getArrayObject@UnDecorator@@CA?AVDName@@XZ 10010410 f   libvcruntimed:undname.obj
 0001:0000f510       ?getArrayType@UnDecorator@@CA?AVDName@@ABV2@@Z 10010510 f i libvcruntimed:undname.obj
 0001:0000f7b0       ?getBasedType@UnDecorator@@CA?AVDName@@XZ 100107b0 f   libvcruntimed:undname.obj
 0001:0000f8d0       ?getBasicDataType@UnDecorator@@CA?AVDName@@ABV2@@Z 100108d0 f   libvcruntimed:undname.obj
 0001:000102a0       ?getCHPEName@UnDecorator@@QAEPADPADH@Z 100112a0 f i libvcruntimed:undname.obj
 0001:00010400       ?getCallIndex@UnDecorator@@CA?AVDName@@XZ 10011400 f i libvcruntimed:undname.obj
 0001:00010420       ?getCallingConvention@UnDecorator@@CA?AVDName@@XZ 10011420 f   libvcruntimed:undname.obj
 0001:00010670       ?getDataIndirectType@UnDecorator@@CA?AVDName@@ABV2@W4IndirectionKind@@0H@Z 10011670 f   libvcruntimed:undname.obj
 0001:00010fa0       ?getDataIndirectType@UnDecorator@@CA?AVDName@@XZ 10011fa0 f i libvcruntimed:undname.obj
 0001:00010fe0       ?getDataType@UnDecorator@@CA?AVDName@@PAV2@@Z 10011fe0 f   libvcruntimed:undname.obj
 0001:00011100       ?getDecoratedName@UnDecorator@@CA?AVDName@@XZ 10012100 f   libvcruntimed:undname.obj
 0001:00011530       ?getDimension@UnDecorator@@CA?AVDName@@_N@Z 10012530 f   libvcruntimed:undname.obj
 0001:00011770       ?getDispatchTarget@UnDecorator@@CA?AVDName@@XZ 10012770 f   libvcruntimed:undname.obj
 0001:000117f0       ?getDisplacement@UnDecorator@@CA?AVDName@@XZ 100127f0 f i libvcruntimed:undname.obj
 0001:00011810       ?getECSUDataType@UnDecorator@@CA?AVDName@@XZ 10012810 f   libvcruntimed:undname.obj
 0001:00011af0       ?getECSUName@UnDecorator@@CA?AVDName@@XZ 10012af0 f i libvcruntimed:undname.obj
 0001:00011b10       ?getEnumType@UnDecorator@@CA?AVDName@@XZ 10012b10 f i libvcruntimed:undname.obj
 0001:00011cc0       ?getExtendedDataIndirectType@UnDecorator@@CA?AVDName@@AAW4IndirectionKind@@AA_NH@Z 10012cc0 f   libvcruntimed:undname.obj
 0001:00011f30       ?getExternalDataType@UnDecorator@@CA?AVDName@@ABV2@@Z 10012f30 f i libvcruntimed:undname.obj
 0001:00011fc0       ?getFloatingPoint@UnDecorator@@CA?AVDName@@H@Z 10012fc0 f   libvcruntimed:undname.obj
 0001:00012100       ?getFunctionIndirectType@UnDecorator@@CA?AVDName@@ABV2@@Z 10013100 f   libvcruntimed:undname.obj
 0001:000125d0       ?getGuardNumber@UnDecorator@@CA?AVDName@@XZ 100135d0 f i libvcruntimed:undname.obj
 0001:000125f0       ?getLastChar@DName@@QBEDXZ 100135f0 f i libvcruntimed:undname.obj
 0001:00012630       ?getLastChar@DNameStatusNode@@UBEDXZ 10013630 f i libvcruntimed:undname.obj
 0001:00012670       ?getLastChar@charNode@@UBEDXZ 10013670 f i libvcruntimed:undname.obj
 0001:00012690       ?getLastChar@pDNameNode@@UBEDXZ 10013690 f i libvcruntimed:undname.obj
 0001:000126c0       ?getLastChar@pairNode@@UBEDXZ 100136c0 f i libvcruntimed:undname.obj
 0001:00012730       ?getLastChar@pcharNode@@UBEDXZ 10013730 f i libvcruntimed:undname.obj
 0001:00012770       ?getLexicalFrame@UnDecorator@@CA?AVDName@@XZ 10013770 f i libvcruntimed:undname.obj
 0001:000127b0       ?getMemberAccess@UnDecorator@@CA?AVDName@@XZ 100137b0 f   libvcruntimed:undname.obj
 0001:00012840       ?getMemoryWithBuffer@_HeapManager@@QAEPAXI@Z 10013840 f   libvcruntimed:undname.obj
 0001:00012930       ?getMemoryWithoutBuffer@_HeapManager@@QAEPAXI@Z 10013930 f   libvcruntimed:undname.obj
 0001:00012970       ?getNoexcept@UnDecorator@@CA?AVDName@@XZ 10013970 f   libvcruntimed:undname.obj
 0001:000129e0       ?getNumberOfDimensions@UnDecorator@@CAHXZ 100139e0 f   libvcruntimed:undname.obj
 0001:00012a90       ?getOperatorName@UnDecorator@@CA?AVDName@@_NPA_N@Z 10013a90 f i libvcruntimed:undname.obj
 0001:000134c0       ?getPointerToMember@UnDecorator@@CA?AVDName@@XZ 100144c0 f   libvcruntimed:undname.obj
 0001:000135a0       ?getPointerType@UnDecorator@@CA?AVDName@@ABV2@0@Z 100145a0 f i libvcruntimed:undname.obj
 0001:000135c0       ?getPointerTypeArray@UnDecorator@@CA?AVDName@@ABV2@0@Z 100145c0 f i libvcruntimed:undname.obj
 0001:000135e0       ?getPrimaryDataType@UnDecorator@@CA?AVDName@@ABV2@@Z 100145e0 f   libvcruntimed:undname.obj
 0001:00013a20       ?getPtrRefDataType@UnDecorator@@CA?AVDName@@ABV2@H@Z 10014a20 f   libvcruntimed:undname.obj
 0001:00013cb0       ?getPtrRefType@UnDecorator@@CA?AVDName@@ABV2@0W4IndirectionKind@@@Z 10014cb0 f   libvcruntimed:undname.obj
 0001:00013e40       ?getReferenceType@UnDecorator@@CA?AVDName@@ABV2@0W4IndirectionKind@@@Z 10014e40 f i libvcruntimed:undname.obj
 0001:00013e60       ?getRestrictionSpec@UnDecorator@@CA?AVDName@@XZ 10014e60 f   libvcruntimed:undname.obj
 0001:00014000       ?getReturnType@UnDecorator@@CA?AVDName@@PAV2@@Z 10015000 f   libvcruntimed:undname.obj
 0001:00014040       ?getScope@UnDecorator@@CA?AVDName@@XZ 10015040 f   libvcruntimed:undname.obj
 0001:00014590       ?getScopedName@UnDecorator@@CA?AVDName@@XZ 10015590 f   libvcruntimed:undname.obj
 0001:000146e0       ?getSignedDimension@UnDecorator@@CA?AVDName@@XZ 100156e0 f   libvcruntimed:undname.obj
 0001:00014750       ?getStorageConvention@UnDecorator@@CA?AVDName@@XZ 10015750 f i libvcruntimed:undname.obj
 0001:00014770       ?getString@DName@@QBEPADPAD0@Z 10015770 f i libvcruntimed:undname.obj
 0001:000147d0       ?getString@DName@@QBEPADPADH@Z 100157d0 f i libvcruntimed:undname.obj
 0001:00014860       ?getString@DNameStatusNode@@UBEPADPAD0@Z 10015860 f i libvcruntimed:undname.obj
 0001:000148a0       ?getString@charNode@@UBEPADPAD0@Z 100158a0 f i libvcruntimed:undname.obj
 0001:000148d0       ?getString@pDNameNode@@UBEPADPAD0@Z 100158d0 f i libvcruntimed:undname.obj
 0001:00014910       ?getString@pairNode@@UBEPADPAD0@Z 10015910 f i libvcruntimed:undname.obj
 0001:000149a0       ?getString@pcharNode@@UBEPADPAD0@Z 100159a0 f i libvcruntimed:undname.obj
 0001:000149d0       ?getStringEncoding@UnDecorator@@CA?AVDName@@W4PrefixKind@@H@Z 100159d0 f   libvcruntimed:undname.obj
 0001:00014ac0       ?getStringHelper@@YAPADPADPBD1H@Z 10015ac0 f i libvcruntimed:undname.obj
 0001:00014b00       ?getStringObject@UnDecorator@@CA?AVDName@@XZ 10015b00 f   libvcruntimed:undname.obj
 0001:00014b90       ?getSymbolName@UnDecorator@@CA?AVDName@@XZ 10015b90 f i libvcruntimed:undname.obj
 0001:00014c10       ?getTemplateArgumentList@UnDecorator@@CA?AVDName@@XZ 10015c10 f   libvcruntimed:undname.obj
 0001:00014ee0       ?getTemplateName@UnDecorator@@CA?AVDName@@_N@Z 10015ee0 f   libvcruntimed:undname.obj
 0001:00015090       ?getTemplateNonTypeArgument@UnDecorator@@CA?AVDName@@XZ 10016090 f   libvcruntimed:undname.obj
 0001:000156c0       ?getTemplateTypeArgument@UnDecorator@@CA?AVDName@@XZ 100166c0 f   libvcruntimed:undname.obj
 0001:00015870       ?getThisType@UnDecorator@@CA?AVDName@@XZ 10016870 f i libvcruntimed:undname.obj
 0001:000158b0       ?getThrowTypes@UnDecorator@@CA?AVDName@@XZ 100168b0 f   libvcruntimed:undname.obj
 0001:000158e0       ?getTypeEncoding@UnDecorator@@CAHXZ 100168e0 f i libvcruntimed:undname.obj
 0001:00016350       ?getUndecoratedName@UnDecorator@@QAEPADPADH@Z 10017350 f i libvcruntimed:undname.obj
 0001:000164b0       ?getUnionObject@UnDecorator@@CA?AVDName@@XZ 100174b0 f   libvcruntimed:undname.obj
 0001:00016580       ?getVCallThunkType@UnDecorator@@CA?AVDName@@XZ 10017580 f i libvcruntimed:undname.obj
 0001:000165f0       ?getValue@UnDecorator@@CA?AV?$optional@_K@std@@XZ 100175f0 f   libvcruntimed:undname.obj
 0001:000166b0       ?getValueObject@UnDecorator@@CA?AVDName@@XZ 100176b0 f   libvcruntimed:undname.obj
 0001:000168b0       ?getVbTableType@UnDecorator@@CA?AVDName@@ABV2@@Z 100178b0 f i libvcruntimed:undname.obj
 0001:000168d0       ?getVdispMapType@UnDecorator@@CA?AVDName@@ABV2@@Z 100178d0 f i libvcruntimed:undname.obj
 0001:00016940       ?getVfTableType@UnDecorator@@CA?AVDName@@ABV2@@Z 10017940 f i libvcruntimed:undname.obj
 0001:00016b30       ?getZName@UnDecorator@@CA?AVDName@@_N0@Z 10017b30 f   libvcruntimed:undname.obj
 0001:00016e40       ?get_current_character_and_increment_buffer@UnDecorator@@CADXZ 10017e40 f i libvcruntimed:undname.obj
 0001:00016e70       ?haveTemplateParameters@UnDecorator@@SAHXZ 10017e70 f i libvcruntimed:undname.obj
 0001:00016e80       ?increment_buffer@UnDecorator@@CA_NI@Z 10017e80 f i libvcruntimed:undname.obj
 0001:00016ed0       ?increment_buffer_no_check@UnDecorator@@CAXI@Z 10017ed0 f i libvcruntimed:undname.obj
 0001:00016f10       ?increment_buffer_no_check@UnDecorator@@CAXXZ 10017f10 f i libvcruntimed:undname.obj
 0001:00016f30       ?isArray@DName@@QBEHXZ     10017f30 f i libvcruntimed:undname.obj
 0001:00016f50       ?isComArray@DName@@QBEHXZ  10017f50 f i libvcruntimed:undname.obj
 0001:00016f70       ?isEmpty@DName@@QBEHXZ     10017f70 f i libvcruntimed:undname.obj
 0001:00016fa0       ?isFull@Replicator@@QBEHXZ 10017fa0 f i libvcruntimed:undname.obj
 0001:00016fd0       ?isNoTE@DName@@QBEHXZ      10017fd0 f i libvcruntimed:undname.obj
 0001:00016ff0       ?isPinPtr@DName@@QBEHXZ    10017ff0 f i libvcruntimed:undname.obj
 0001:00017010       ?isPtrRef@DName@@QBEHXZ    10018010 f i libvcruntimed:undname.obj
 0001:00017030       ?isUDC@DName@@QBEHXZ       10018030 f i libvcruntimed:undname.obj
 0001:00017070       ?isUDTThunk@DName@@QBEHXZ  10018070 f i libvcruntimed:undname.obj
 0001:000170b0       ?isVCallThunk@DName@@QBEHXZ 100180b0 f i libvcruntimed:undname.obj
 0001:000170d0       ?isValid@DName@@QBEHXZ     100180d0 f i libvcruntimed:undname.obj
 0001:00017110       ?length@DName@@QBEHXZ      10018110 f i libvcruntimed:undname.obj
 0001:00017150       ?length@DNameStatusNode@@UBEHXZ 10018150 f i libvcruntimed:undname.obj
 0001:00017170       ?length@charNode@@UBEHXZ   10018170 f i libvcruntimed:undname.obj
 0001:00017180       ?length@pDNameNode@@UBEHXZ 10018180 f i libvcruntimed:undname.obj
 0001:000171b0       ?length@pairNode@@UBEHXZ   100181b0 f i libvcruntimed:undname.obj
 0001:00017220       ?length@pcharNode@@UBEHXZ  10018220 f i libvcruntimed:undname.obj
 0001:00017240       ?make@DNameStatusNode@@SAPBV1@W4DNameStatus@@@Z 10018240 f i libvcruntimed:undname.obj
 0001:00017270       ?parseDecoratedName@UnDecorator@@CA?AVDName@@XZ 10018270 f   libvcruntimed:undname.obj
 0001:00017400       ?raw_length@DNameStatusNode@@UBEHXZ 10018400 f i libvcruntimed:undname.obj
 0001:00017420       ?raw_length@charNode@@UBEHXZ 10018420 f i libvcruntimed:undname.obj
 0001:00017440       ?raw_length@pDNameNode@@UBEHXZ 10018440 f i libvcruntimed:undname.obj
 0001:00017450       ?raw_length@pairNode@@UBEHXZ 10018450 f i libvcruntimed:undname.obj
 0001:00017470       ?raw_length@pcharNode@@UBEHXZ 10018470 f i libvcruntimed:undname.obj
 0001:00017490       ?setIsArray@DName@@QAEXXZ  10018490 f i libvcruntimed:undname.obj
 0001:000174b0       ?setIsComArray@DName@@QAEXXZ 100184b0 f i libvcruntimed:undname.obj
 0001:000174d0       ?setIsNoTE@DName@@QAEXXZ   100184d0 f i libvcruntimed:undname.obj
 0001:000174f0       ?setIsPinPtr@DName@@QAEXXZ 100184f0 f i libvcruntimed:undname.obj
 0001:00017510       ?setIsUDC@DName@@QAEXXZ    10018510 f i libvcruntimed:undname.obj
 0001:00017540       ?setIsVCallThunk@DName@@QAEXXZ 10018540 f i libvcruntimed:undname.obj
 0001:00017560       ?setPtrRef@DName@@QAEAAV1@XZ 10018560 f i libvcruntimed:undname.obj
 0001:00017580       ?status@DName@@QBE?AW4DNameStatus@@XZ 10018580 f i libvcruntimed:undname.obj
 0001:00017680       ___unDName                 10018680 f   libvcruntimed:undname.obj
 0001:000176b0       ___unDNameEx               100186b0 f   libvcruntimed:undname.obj
 0001:00017780       _snprintf                  10018780 f i libvcruntimed:undname.obj
 0001:000177c0       _unDNameGenerateCHPE       100187c0 f   libvcruntimed:undname.obj
 0001:00017820       _vsnprintf                 10018820 f i libvcruntimed:undname.obj
 0001:00017870       ??$?RU__vcrt_ptd@@@__crt_internal_free_policy@@QBEXQBU__vcrt_ptd@@@Z 10018870 f i libvcruntimed:per_thread_data.obj
 0001:00017890       ??0?$__crt_unique_heap_ptr@U__vcrt_ptd@@U__crt_internal_free_policy@@@@QAE@QAU__vcrt_ptd@@@Z 10018890 f i libvcruntimed:per_thread_data.obj
 0001:000178d0       ??1?$__crt_unique_heap_ptr@U__vcrt_ptd@@U__crt_internal_free_policy@@@@QAE@XZ 100188d0 f i libvcruntimed:per_thread_data.obj
 0001:00017910       ??B?$__crt_unique_heap_ptr@U__vcrt_ptd@@U__crt_internal_free_policy@@@@QBE_NXZ 10018910 f i libvcruntimed:per_thread_data.obj
 0001:00017930       ?detach@?$__crt_unique_heap_ptr@U__vcrt_ptd@@U__crt_internal_free_policy@@@@QAEPAU__vcrt_ptd@@XZ 10018930 f i libvcruntimed:per_thread_data.obj
 0001:00017960       ?get@?$__crt_unique_heap_ptr@U__vcrt_ptd@@U__crt_internal_free_policy@@@@QBEPAU__vcrt_ptd@@XZ 10018960 f i libvcruntimed:per_thread_data.obj
 0001:00017970       ?is_valid@?$__crt_unique_heap_ptr@U__vcrt_ptd@@U__crt_internal_free_policy@@@@QBE_NXZ 10018970 f i libvcruntimed:per_thread_data.obj
 0001:000179a0       ?release@?$__crt_unique_heap_ptr@U__vcrt_ptd@@U__crt_internal_free_policy@@@@QAEXXZ 100189a0 f i libvcruntimed:per_thread_data.obj
 0001:00017a00       ___vcrt_freefls@4          10018a00 f   libvcruntimed:per_thread_data.obj
 0001:00017a30       ___vcrt_freeptd_for_this_thread 10018a30 f   libvcruntimed:per_thread_data.obj
 0001:00017a70       ___vcrt_getptd             10018a70 f   libvcruntimed:per_thread_data.obj
 0001:00017a90       ___vcrt_getptd_noexit      10018a90 f   libvcruntimed:per_thread_data.obj
 0001:00017bf0       ___vcrt_getptd_noinit      10018bf0 f   libvcruntimed:per_thread_data.obj
 0001:00017c50       ___vcrt_initialize_ptd     10018c50 f   libvcruntimed:per_thread_data.obj
 0001:00017ca0       ___vcrt_uninitialize_ptd   10018ca0 f   libvcruntimed:per_thread_data.obj
 0001:00017cd0       ___vcrt_initialize_locks   10018cd0 f   libvcruntimed:locks.obj
 0001:00017d30       ___vcrt_lock               10018d30 f   libvcruntimed:locks.obj
 0001:00017d50       ___vcrt_uninitialize_locks 10018d50 f   libvcruntimed:locks.obj
 0001:00017da0       ___vcrt_unlock             10018da0 f   libvcruntimed:locks.obj
 0001:00017dc0       __global_unwind2           10018dc0 f   libvcruntimed:exsup.obj
 0001:00017e40       __local_unwind2            10018e40 f   libvcruntimed:exsup.obj
 0001:00017ee0       __abnormal_termination     10018ee0 f   libvcruntimed:exsup.obj
 0001:00017f10       __NLG_Notify1              10018f10 f   libvcruntimed:exsup.obj
 0001:00017f20       __NLG_Notify               10018f20 f   libvcruntimed:exsup.obj
 0001:00017f37       __NLG_Dispatch             10018f37     libvcruntimed:exsup.obj
 0001:00017f37       __NLG_Dispatch2            10018f37     libvcruntimed:exsup.obj
 0001:00017f40       __NLG_Call                 10018f40 f   libvcruntimed:exsup.obj
 0001:00017f42       __NLG_Return2              10018f42     libvcruntimed:exsup.obj
 0001:00017f50       ??$__crt_interlocked_exchange_pointer@$$A6AXXZP6AXXZ@@YAP6AXXZPDS6AXXZQ6AXXZ@Z 10018f50 f i libvcruntimed:purevirt.obj
 0001:00017f60       ??$__crt_interlocked_read_pointer@$$A6AXXZ@@YAP6AXXZPDS6AXXZ@Z 10018f60 f i libvcruntimed:purevirt.obj
 0001:00017f80       __get_purecall_handler     10018f80 f   libvcruntimed:purevirt.obj
 0001:00017fa0       __purecall                 10018fa0 f   libvcruntimed:purevirt.obj
 0001:00017fe0       __set_purecall_handler     10018fe0 f   libvcruntimed:purevirt.obj
 0001:00018000       ??$?0AAViterator@TryBlockMap@__FrameHandler3@@AAV012@$0A@@?$pair@Viterator@TryBlockMap@__FrameHandler3@@V123@@std@@QAE@AAViterator@TryBlockMap@__FrameHandler3@@0@Z 10019000 f i libvcruntimed:trnsctrl.obj
 0001:00018040       ??0iterator@TryBlockMap@__FrameHandler3@@QAE@AAV12@I@Z 10019040 f i libvcruntimed:trnsctrl.obj
 0001:00018070       ?GetRangeOfTrysToCheck@__FrameHandler3@@SA?AU?$pair@Viterator@TryBlockMap@__FrameHandler3@@V123@@std@@AAVTryBlockMap@1@HPAXPBU_s_FuncInfo@@H@Z 10019070 f   libvcruntimed:trnsctrl.obj
 0001:00018160       ?_CallCatchBlock2@@YAPAXPAUEHRegistrationNode@@PBU_s_FuncInfo@@PAXHK@Z 10019160 f   libvcruntimed:trnsctrl.obj
 0001:000181d0       ?_CallSETranslator@@YAHPAUEHExceptionRecord@@PAUEHRegistrationNode@@PAX2PBU_s_FuncInfo@@H1@Z 100191d0 f   libvcruntimed:trnsctrl.obj
 0001:000182e0       ?_JumpToContinuation@@YGXPAXPAUEHRegistrationNode@@@Z 100192e0 f   libvcruntimed:trnsctrl.obj
 0001:00018320       ?_UnwindNestedFrames@@YGXPAUEHRegistrationNode@@PAUEHExceptionRecord@@@Z 10019320 f   libvcruntimed:trnsctrl.obj
 0001:00018380       __CatchGuardHandler        10019380 f   libvcruntimed:trnsctrl.obj
 0001:000183d0       __CreateFrameInfo          100193d0 f   libvcruntimed:trnsctrl.obj
 0001:00018400       __FindAndUnlinkFrame       10019400 f   libvcruntimed:trnsctrl.obj
 0001:00018470       __TranslatorGuardHandler   10019470 f   libvcruntimed:trnsctrl.obj
 0001:00018520       ___CxxFrameHandler         10019520 f   libvcruntimed:trnsctrl.obj
 0001:00018560       ___CxxFrameHandler2        10019560 f   libvcruntimed:trnsctrl.obj
 0001:000185a0       ___CxxFrameHandler3        100195a0 f   libvcruntimed:trnsctrl.obj
 0001:000185e0       ___CxxLongjmpUnwind@4      100195e0 f   libvcruntimed:trnsctrl.obj
 0001:00018620       ??$__crt_interlocked_exchange_pointer@UHINSTANCE__@@PAU1@@@YAPAUHINSTANCE__@@PDSAU0@QAU0@@Z 10019620 f i libvcruntimed:winapi_downlevel.obj
 0001:00018630       ??$__crt_interlocked_exchange_pointer@UHINSTANCE__@@PAX@@YAPAUHINSTANCE__@@PDSAU0@QAX@Z 10019630 f i libvcruntimed:winapi_downlevel.obj
 0001:00018640       ??$__crt_interlocked_exchange_pointer@XPAX@@YAPAXPDSAXQAX@Z 10019640 f i libvcruntimed:winapi_downlevel.obj
 0001:00018650       ??$__crt_interlocked_read_pointer@UHINSTANCE__@@@@YAPAUHINSTANCE__@@PDSAU0@@Z 10019650 f i libvcruntimed:winapi_downlevel.obj
 0001:00018670       ??$__crt_interlocked_read_pointer@X@@YAPAXPDSAX@Z 10019670 f i libvcruntimed:winapi_downlevel.obj
 0001:00018a50       ___vcrt_FlsAlloc           10019a50 f   libvcruntimed:winapi_downlevel.obj
 0001:00018a90       ___vcrt_FlsFree            10019a90 f   libvcruntimed:winapi_downlevel.obj
 0001:00018ad0       ___vcrt_FlsGetValue        10019ad0 f   libvcruntimed:winapi_downlevel.obj
 0001:00018b10       ___vcrt_FlsSetValue        10019b10 f   libvcruntimed:winapi_downlevel.obj
 0001:00018b60       ___vcrt_InitializeCriticalSectionEx 10019b60 f   libvcruntimed:winapi_downlevel.obj
 0001:00019720       ??$TypeMatchHelper@V__FrameHandler3@@@@YAHPBU_s_HandlerType@@PBU_s_CatchableType@@PBU_s_ThrowInfo@@@Z 1001a720 f i libvcruntimed:frame.obj
 0001:00019800       ??$__InternalCxxFrameHandler@V__FrameHandler3@@@@YA?AW4_EXCEPTION_DISPOSITION@@PAUEHExceptionRecord@@PAUEHRegistrationNode@@PAU_CONTEXT@@PAXPBU_s_FuncInfo@@H1E@Z 1001a800 f i libvcruntimed:frame.obj
 0001:000199c0       ??$__InternalCxxFrameHandlerWrapper@V__FrameHandler3@@@@YA?AW4_EXCEPTION_DISPOSITION@@PAUEHExceptionRecord@@PAUEHRegistrationNode@@PAU_CONTEXT@@PAXPBU_s_FuncInfo@@H1E@Z 1001a9c0 f i libvcruntimed:frame.obj
 0001:000199f0       ??0HandlerMap@__FrameHandler3@@QAE@PBU_s_TryBlockMapEntry@@II@Z 1001a9f0 f i libvcruntimed:frame.obj
 0001:00019a20       ??0TryBlockMap@__FrameHandler3@@QAE@PBU_s_FuncInfo@@I@Z 1001aa20 f i libvcruntimed:frame.obj
 0001:00019a50       ??0bad_exception@std@@QAE@ABV01@@Z 1001aa50 f i libvcruntimed:frame.obj
 0001:00019a80       ??0bad_exception@std@@QAE@XZ 1001aa80 f i libvcruntimed:frame.obj
 0001:00019ab0       ??0exception@std@@QAE@ABV01@@Z 1001aab0 f i libvcruntimed:frame.obj
 0001:00019af0       ??0exception@std@@QAE@QBDH@Z 1001aaf0 f i libvcruntimed:frame.obj
 0001:00019b20       ??0iterator@HandlerMap@__FrameHandler3@@QAE@AAV12@I@Z 1001ab20 f i libvcruntimed:frame.obj
 0001:00019b50       ??1bad_exception@std@@UAE@XZ 1001ab50 f i libvcruntimed:frame.obj
 0001:00019b70       ??1exception@std@@UAE@XZ   1001ab70 f i libvcruntimed:frame.obj
 0001:00019ba0       ??8iterator@HandlerMap@__FrameHandler3@@QBE_NABV012@@Z 1001aba0 f i libvcruntimed:frame.obj
 0001:00019be0       ??8type_info@@QBE_NABV0@@Z 1001abe0 f i libvcruntimed:frame.obj
 0001:00019c50       ??9iterator@HandlerMap@__FrameHandler3@@QBE_NABV012@@Z 1001ac50 f i libvcruntimed:frame.obj
 0001:00019c90       ??Diterator@HandlerMap@__FrameHandler3@@QAE?BU_s_HandlerType@@XZ 1001ac90 f i libvcruntimed:frame.obj
 0001:00019cd0       ??Diterator@TryBlockMap@__FrameHandler3@@QAE?BU_s_TryBlockMapEntry@@XZ 1001acd0 f i libvcruntimed:frame.obj
 0001:00019d20       ??Eiterator@HandlerMap@__FrameHandler3@@QAEAAV012@XZ 1001ad20 f i libvcruntimed:frame.obj
 0001:00019d40       ??Eiterator@TryBlockMap@__FrameHandler3@@QAEAAV012@XZ 1001ad40 f i libvcruntimed:frame.obj
 0001:00019d60       ??Miterator@TryBlockMap@__FrameHandler3@@QBE_NABV012@@Z 1001ad60 f i libvcruntimed:frame.obj
 0001:00019da0       ??_Ebad_exception@std@@UAEPAXI@Z 1001ada0 f i libvcruntimed:frame.obj
 0001:00019da0       ??_Gbad_exception@std@@UAEPAXI@Z 1001ada0 f i libvcruntimed:frame.obj
 0001:00019dd0       ??_Eexception@std@@UAEPAXI@Z 1001add0 f i libvcruntimed:frame.obj
 0001:00019dd0       ??_Gexception@std@@UAEPAXI@Z 1001add0 f i libvcruntimed:frame.obj
 0001:00019e00       ?BuildCatchObject@__FrameHandler3@@SAXPAUEHExceptionRecord@@PAXPBU_s_HandlerType@@PBU_s_CatchableType@@@Z 1001ae00 f   libvcruntimed:frame.obj
 0001:00019e20       ?BuildCatchObjectHelper@__FrameHandler3@@SAHPAUEHExceptionRecord@@PAXPBU_s_HandlerType@@PBU_s_CatchableType@@@Z 1001ae20 f   libvcruntimed:frame.obj
 0001:0001a1d0       ?FrameUnwindToEmptyState@__FrameHandler3@@SAXPAUEHRegistrationNode@@PAXPBU_s_FuncInfo@@@Z 1001b1d0 f   libvcruntimed:frame.obj
 0001:0001a1f0       ?FrameUnwindToState@__FrameHandler3@@SAXPAUEHRegistrationNode@@PAXPBU_s_FuncInfo@@H@Z 1001b1f0 f   libvcruntimed:frame.obj
 0001:0001a370       ?GetMaxState@__FrameHandler3@@SAHPAXPBU_s_FuncInfo@@@Z 1001b370 f i libvcruntimed:frame.obj
 0001:0001a490       ?TypeMatch@__FrameHandler3@@SAHPBU_s_HandlerType@@PBU_s_CatchableType@@PBU_s_ThrowInfo@@@Z 1001b490 f   libvcruntimed:frame.obj
 0001:0001a4b0       ?_CallMemberFunction1@@YGXQAX00@Z 1001b4b0 f i libvcruntimed:frame.obj
 0001:0001a4e0       ?_CallMemberFunction2@@YGXQAX00H@Z 1001b4e0 f i libvcruntimed:frame.obj
 0001:0001a510       ?begin@HandlerMap@__FrameHandler3@@QAE?AViterator@12@XZ 1001b510 f i libvcruntimed:frame.obj
 0001:0001a530       ?end@HandlerMap@__FrameHandler3@@QAE?AViterator@12@XZ 1001b530 f i libvcruntimed:frame.obj
 0001:0001a560       ?getESTypes@__FrameHandler3@@SAPBU_s_ESTypeList@@PBU_s_FuncInfo@@@Z 1001b560 f i libvcruntimed:frame.obj
 0001:0001a570       ?getLastEntry@HandlerMap@__FrameHandler3@@QAEPBU_s_HandlerType@@XZ 1001b570 f i libvcruntimed:frame.obj
 0001:0001a590       ?getMagicNum@__FrameHandler3@@SAIPBU_s_FuncInfo@@@Z 1001b590 f i libvcruntimed:frame.obj
 0001:0001a5a0       ?getNumTryBlocks@TryBlockMap@__FrameHandler3@@QAEIXZ 1001b5a0 f i libvcruntimed:frame.obj
 0001:0001a5c0       ?isEHs@__FrameHandler3@@SA_NPBU_s_FuncInfo@@@Z 1001b5c0 f i libvcruntimed:frame.obj
 0001:0001a5f0       ?isNoExcept@__FrameHandler3@@SA_NPBU_s_FuncInfo@@@Z 1001b5f0 f i libvcruntimed:frame.obj
 0001:0001a620       ?what@exception@std@@UBEPBDXZ 1001b620 f i libvcruntimed:frame.obj
 0001:0001a650       ___BuildCatchObject        1001b650 f   libvcruntimed:frame.obj
 0001:0001a670       ___BuildCatchObjectHelper  1001b670 f   libvcruntimed:frame.obj
 0001:0001a690       ___TypeMatch               1001b690 f   libvcruntimed:frame.obj
 0001:0001a6b0       ___vcrt_EncodePointer      1001b6b0 f i libvcruntimed:frame.obj
 0001:0001a6c0       __CallSettingFrame@12      1001b6c0 f   libvcruntimed:lowhelpr.obj
 0001:0001a6e7       __NLG_Return               1001b6e7     libvcruntimed:lowhelpr.obj
 0001:0001a740       __get_unexpected           1001b740 f   libvcruntimed:unexpected.obj
 0001:0001a760       _set_unexpected            1001b760 f   libvcruntimed:unexpected.obj
 0001:0001a790       _unexpected                1001b790 f   libvcruntimed:unexpected.obj
 0001:0001a7d0       _memmove                   1001b7d0 f   libvcruntimed:memmove.obj
 0001:0001ad50       ?GetCurrentState@__FrameHandler3@@SAHPAUEHRegistrationNode@@PAXPBU_s_FuncInfo@@@Z 1001bd50 f   libvcruntimed:ehstate.obj
 0001:0001ad80       ?SetState@__FrameHandler3@@SAXPAUEHRegistrationNode@@PBU_s_FuncInfo@@H@Z 1001bd80 f   libvcruntimed:ehstate.obj
 0001:0001ad90       ??$?RD@__crt_public_free_policy@@QBEXQBD@Z 1001bd90 f i libvcruntimed:std_exception.obj
 0001:0001adb0       ??0?$__crt_unique_heap_ptr@DU__crt_public_free_policy@@@@QAE@QAD@Z 1001bdb0 f i libvcruntimed:std_exception.obj
 0001:0001add0       ??1?$__crt_unique_heap_ptr@DU__crt_public_free_policy@@@@QAE@XZ 1001bdd0 f i libvcruntimed:std_exception.obj
 0001:0001adf0       ??B?$__crt_unique_heap_ptr@DU__crt_public_free_policy@@@@QBE_NXZ 1001bdf0 f i libvcruntimed:std_exception.obj
 0001:0001ae10       ?detach@?$__crt_unique_heap_ptr@DU__crt_public_free_policy@@@@QAEPADXZ 1001be10 f i libvcruntimed:std_exception.obj
 0001:0001ae40       ?get@?$__crt_unique_heap_ptr@DU__crt_public_free_policy@@@@QBEPADXZ 1001be40 f i libvcruntimed:std_exception.obj
 0001:0001ae50       ?is_valid@?$__crt_unique_heap_ptr@DU__crt_public_free_policy@@@@QBE_NXZ 1001be50 f i libvcruntimed:std_exception.obj
 0001:0001ae80       ?release@?$__crt_unique_heap_ptr@DU__crt_public_free_policy@@@@QAEXXZ 1001be80 f i libvcruntimed:std_exception.obj
 0001:0001aeb0       ___std_exception_copy      1001beb0 f   libvcruntimed:std_exception.obj
 0001:0001afb0       ___std_exception_destroy   1001bfb0 f   libvcruntimed:std_exception.obj
 0001:0001afe0       __CxxThrowException@8      1001bfe0 f   libvcruntimed:throw.obj
 0001:0001b090       ??$__crt_interlocked_read@J@@YAJPDJ@Z 1001c090 f i libucrtd:assert.obj
 0001:0001cbb0       ??$ftprintf@PAU_iobuf@@PBDABQBDABQBDABI@?$__crt_char_traits@D@@SAH$$QAPAU_iobuf@@$$QAPBDABQBD2ABI@Z 1001dbb0 f i libucrtd:assert.obj
 0001:0001cbe0       ??$ftprintf@PAU_iobuf@@PB_WABQB_WABQB_WABI@?$__crt_char_traits@_W@@SAH$$QAPAU_iobuf@@$$QAPB_WABQB_W2ABI@Z 1001dbe0 f i libucrtd:assert.obj
 0001:0001cc10       ??$get_module_file_name@AAPAUHINSTANCE__@@AAY0BAF@DK@?$__crt_char_traits@D@@SAKAAPAUHINSTANCE__@@AAY0BAF@D$$QAK@Z 1001dc10 f i libucrtd:assert.obj
 0001:0001cc30       ??$get_module_file_name@AAPAUHINSTANCE__@@AAY0BAF@_WK@?$__crt_char_traits@_W@@SAKAAPAUHINSTANCE__@@AAY0BAF@_W$$QAK@Z 1001dc30 f i libucrtd:assert.obj
 0001:0001cc50       ??$itot_s@ABIPADIH@?$__crt_char_traits@D@@SAHABI$$QAPAD$$QAI$$QAH@Z 1001dc50 f i libucrtd:assert.obj
 0001:0001cc80       ??$itot_s@ABIPA_WIH@?$__crt_char_traits@_W@@SAHABI$$QAPA_W$$QAI$$QAH@Z 1001dc80 f i libucrtd:assert.obj
 0001:0001ccb0       ??$show_message_box@AAY0CEA@DPBDJ@?$__crt_char_traits@D@@SAHAAY0CEA@D$$QAPBD$$QAJ@Z 1001dcb0 f i libucrtd:assert.obj
 0001:0001ccd0       ??$show_message_box@AAY0CEA@_WPB_WJ@?$__crt_char_traits@_W@@SAHAAY0CEA@_W$$QAPB_W$$QAJ@Z 1001dcd0 f i libucrtd:assert.obj
 0001:0001ccf0       ??$tcscat_s@ABQADABIAAPAD@?$__crt_char_traits@D@@SAHABQADABIAAPAD@Z 1001dcf0 f i libucrtd:assert.obj
 0001:0001cd20       ??$tcscat_s@ABQADABIABQBD@?$__crt_char_traits@D@@SAHABQADABIABQBD@Z 1001dd20 f i libucrtd:assert.obj
 0001:0001cd50       ??$tcscat_s@ABQADABIPBD@?$__crt_char_traits@D@@SAHABQADABI$$QAPBD@Z 1001dd50 f i libucrtd:assert.obj
 0001:0001cd80       ??$tcscat_s@ABQA_WABIAAPA_W@?$__crt_char_traits@_W@@SAHABQA_WABIAAPA_W@Z 1001dd80 f i libucrtd:assert.obj
 0001:0001cdb0       ??$tcscat_s@ABQA_WABIABQB_W@?$__crt_char_traits@_W@@SAHABQA_WABIABQB_W@Z 1001ddb0 f i libucrtd:assert.obj
 0001:0001cde0       ??$tcscat_s@ABQA_WABIPB_W@?$__crt_char_traits@_W@@SAHABQA_WABI$$QAPB_W@Z 1001dde0 f i libucrtd:assert.obj
 0001:0001ce10       ??$tcscpy_s@AAY0BAF@DIPBD@?$__crt_char_traits@D@@SAHAAY0BAF@D$$QAI$$QAPBD@Z 1001de10 f i libucrtd:assert.obj
 0001:0001ce30       ??$tcscpy_s@AAY0BAF@_WIPB_W@?$__crt_char_traits@_W@@SAHAAY0BAF@_W$$QAI$$QAPB_W@Z 1001de30 f i libucrtd:assert.obj
 0001:0001ce50       ??$tcscpy_s@ABQADABIPBD@?$__crt_char_traits@D@@SAHABQADABI$$QAPBD@Z 1001de50 f i libucrtd:assert.obj
 0001:0001ce80       ??$tcscpy_s@ABQA_WABIPB_W@?$__crt_char_traits@_W@@SAHABQA_WABI$$QAPB_W@Z 1001de80 f i libucrtd:assert.obj
 0001:0001ceb0       ??$tcslen@AAY0BAF@D@?$__crt_char_traits@D@@SAIAAY0BAF@D@Z 1001deb0 f i libucrtd:assert.obj
 0001:0001ced0       ??$tcslen@AAY0BAF@_W@?$__crt_char_traits@_W@@SAIAAY0BAF@_W@Z 1001ded0 f i libucrtd:assert.obj
 0001:0001cef0       ??$tcslen@ABQAD@?$__crt_char_traits@D@@SAIABQAD@Z 1001def0 f i libucrtd:assert.obj
 0001:0001cf10       ??$tcslen@ABQA_W@?$__crt_char_traits@_W@@SAIABQA_W@Z 1001df10 f i libucrtd:assert.obj
 0001:0001cf30       ??$tcslen@ABQBD@?$__crt_char_traits@D@@SAIABQBD@Z 1001df30 f i libucrtd:assert.obj
 0001:0001cf50       ??$tcslen@ABQB_W@?$__crt_char_traits@_W@@SAIABQB_W@Z 1001df50 f i libucrtd:assert.obj
 0001:0001cf70       ??$tcsncat_s@ABQADABIAAPBDI@?$__crt_char_traits@D@@SAHABQADABIAAPBD$$QAI@Z 1001df70 f i libucrtd:assert.obj
 0001:0001cfa0       ??$tcsncat_s@ABQADABIABQBDABI@?$__crt_char_traits@D@@SAHABQADABIABQBD1@Z 1001dfa0 f i libucrtd:assert.obj
 0001:0001cfd0       ??$tcsncat_s@ABQADABIPBDI@?$__crt_char_traits@D@@SAHABQADABI$$QAPBD$$QAI@Z 1001dfd0 f i libucrtd:assert.obj
 0001:0001d000       ??$tcsncat_s@ABQA_WABIAAPB_WI@?$__crt_char_traits@_W@@SAHABQA_WABIAAPB_W$$QAI@Z 1001e000 f i libucrtd:assert.obj
 0001:0001d030       ??$tcsncat_s@ABQA_WABIABQB_WABI@?$__crt_char_traits@_W@@SAHABQA_WABIABQB_W1@Z 1001e030 f i libucrtd:assert.obj
 0001:0001d060       ??$tcsncat_s@ABQA_WABIPB_WI@?$__crt_char_traits@_W@@SAHABQA_WABI$$QAPB_W$$QAI@Z 1001e060 f i libucrtd:assert.obj
 0001:0001d090       ??0__crt_stdio_stream@@QAE@QAU_iobuf@@@Z 1001e090 f i libucrtd:assert.obj
 0001:0001d280       ?get_flags@__crt_stdio_stream@@QBEJXZ 1001e280 f i libucrtd:assert.obj
 0001:0001d360       ?has_any_buffer@__crt_stdio_stream@@QBE_NXZ 1001e360 f i libucrtd:assert.obj
 0001:0001d380       ?has_any_of@__crt_stdio_stream@@QBE_NJ@Z 1001e380 f i libucrtd:assert.obj
 0001:0001d3c0       __assert                   1001e3c0 f   libucrtd:assert.obj
 0001:0001d3e0       __invoke_watson_if_error   1001e3e0 f i libucrtd:assert.obj
 0001:0001d410       __vfwprintf_l              1001e410 f i libucrtd:assert.obj
 0001:0001d440       __vswprintf_c_l            1001e440 f i libucrtd:assert.obj
 0001:0001d490       __wassert                  1001e490 f   libucrtd:assert.obj
 0001:0001d4b0       _fwprintf                  1001e4b0 f i libucrtd:assert.obj
 0001:0001d600       _swprintf                  1001e600 f i libucrtd:assert.obj
 0001:0001d640       ?get_doserrno@__crt_cached_ptd_host@@QAE@XZ 1001e640 f i libucrtd:errno.obj
 0001:0001d660       ?get_errno@__crt_cached_ptd_host@@QAE@XZ 1001e660 f i libucrtd:errno.obj
 0001:0001d680       ?set@?$cached@H@__crt_cached_ptd_host@@QAEHH@Z 1001e680 f i libucrtd:errno.obj
 0001:0001d6b0       ?set@?$cached@K@__crt_cached_ptd_host@@QAEKK@Z 1001e6b0 f i libucrtd:errno.obj
 0001:0001d6e0       ___acrt_errno_from_os_error 1001e6e0 f   libucrtd:errno.obj
 0001:0001d760       ___acrt_errno_map_os_error 1001e760 f   libucrtd:errno.obj
 0001:0001d790       ___acrt_errno_map_os_error_ptd 1001e790 f   libucrtd:errno.obj
 0001:0001d7e0       ___doserrno                1001e7e0 f   libucrtd:errno.obj
 0001:0001d810       __errno                    1001e810 f   libucrtd:errno.obj
 0001:0001d840       __get_doserrno             1001e840 f   libucrtd:errno.obj
 0001:0001d8d0       __get_errno                1001e8d0 f   libucrtd:errno.obj
 0001:0001d960       __set_doserrno             1001e960 f   libucrtd:errno.obj
 0001:0001d990       __set_errno                1001e990 f   libucrtd:errno.obj
 0001:0001d9c0       ??$?RPAU__crt_stdio_stream_data@@@__crt_internal_free_policy@@QBEXQBQAU__crt_stdio_stream_data@@@Z 1001e9c0 f i libucrtd:_file.obj
 0001:0001d9e0       ??0?$__crt_unique_heap_ptr@PAU__crt_stdio_stream_data@@U__crt_internal_free_policy@@@@QAE@QAPAU__crt_stdio_stream_data@@@Z 1001e9e0 f i libucrtd:_file.obj
 0001:0001da00       ??1?$__crt_unique_heap_ptr@PAU__crt_stdio_stream_data@@U__crt_internal_free_policy@@@@QAE@XZ 1001ea00 f i libucrtd:_file.obj
 0001:0001da20       ??C__crt_stdio_stream@@QBEPAU__crt_stdio_stream_data@@XZ 1001ea20 f i libucrtd:_file.obj
 0001:0001da40       ?detach@?$__crt_unique_heap_ptr@PAU__crt_stdio_stream_data@@U__crt_internal_free_policy@@@@QAEPAPAU__crt_stdio_stream_data@@XZ 1001ea40 f i libucrtd:_file.obj
 0001:0001da70       ?release@?$__crt_unique_heap_ptr@PAU__crt_stdio_stream_data@@U__crt_internal_free_policy@@@@QAEXXZ 1001ea70 f i libucrtd:_file.obj
 0001:0001daa0       ___acrt_initialize_stdio   1001eaa0 f   libucrtd:_file.obj
 0001:0001dc10       ___acrt_iob_func           1001ec10 f   libucrtd:_file.obj
 0001:0001dc20       ___acrt_uninitialize_stdio 1001ec20 f   libucrtd:_file.obj
 0001:0001dca0       __get_stream_buffer_pointers 1001eca0 f   libucrtd:_file.obj
 0001:0001dd80       __lock_file                1001ed80 f   libucrtd:_file.obj
 0001:0001ddb0       __unlock_file              1001edb0 f   libucrtd:_file.obj
 0001:0001dde0       ??$?0ABV?$stream_output_adapter@D@__crt_stdio_output@@AB_KABQBDAAV__crt_cached_ptd_host@@ABQAD@?$format_validation_base@DV?$stream_output_adapter@D@__crt_stdio_output@@@__crt_stdio_output@@IAE@ABV?$stream_output_adapter@D@1@AB_KABQBDAAV__crt_cached_ptd_host@@ABQAD@Z 1001ede0 f i libucrtd:output.obj
 0001:0001de10       ??$?0ABV?$stream_output_adapter@D@__crt_stdio_output@@AB_KABQBDAAV__crt_cached_ptd_host@@ABQAD@?$positional_parameter_base@DV?$stream_output_adapter@D@__crt_stdio_output@@@__crt_stdio_output@@IAE@ABV?$stream_output_adapter@D@1@AB_KABQBDAAV__crt_cached_ptd_host@@ABQAD@Z 1001ee10 f i libucrtd:output.obj
 0001:0001de90       ??$?0ABV?$stream_output_adapter@D@__crt_stdio_output@@AB_KABQBDAAV__crt_cached_ptd_host@@ABQAD@?$standard_base@DV?$stream_output_adapter@D@__crt_stdio_output@@@__crt_stdio_output@@IAE@ABV?$stream_output_adapter@D@1@AB_KABQBDAAV__crt_cached_ptd_host@@ABQAD@Z 1001ee90 f i libucrtd:output.obj
 0001:0001dee0       ??$?0ABV?$stream_output_adapter@_W@__crt_stdio_output@@AB_KABQB_WAAV__crt_cached_ptd_host@@ABQAD@?$format_validation_base@_WV?$stream_output_adapter@_W@__crt_stdio_output@@@__crt_stdio_output@@IAE@ABV?$stream_output_adapter@_W@1@AB_KABQB_WAAV__crt_cached_ptd_host@@ABQAD@Z 1001eee0 f i libucrtd:output.obj
 0001:0001df10       ??$?0ABV?$stream_output_adapter@_W@__crt_stdio_output@@AB_KABQB_WAAV__crt_cached_ptd_host@@ABQAD@?$positional_parameter_base@_WV?$stream_output_adapter@_W@__crt_stdio_output@@@__crt_stdio_output@@IAE@ABV?$stream_output_adapter@_W@1@AB_KABQB_WAAV__crt_cached_ptd_host@@ABQAD@Z 1001ef10 f i libucrtd:output.obj
 0001:0001df90       ??$?0ABV?$stream_output_adapter@_W@__crt_stdio_output@@AB_KABQB_WAAV__crt_cached_ptd_host@@ABQAD@?$standard_base@_WV?$stream_output_adapter@_W@__crt_stdio_output@@@__crt_stdio_output@@IAE@ABV?$stream_output_adapter@_W@1@AB_KABQB_WAAV__crt_cached_ptd_host@@ABQAD@Z 1001ef90 f i libucrtd:output.obj
 0001:0001dfe0       ??$?0ABV?$string_output_adapter@D@__crt_stdio_output@@AB_KABQBDAAV__crt_cached_ptd_host@@ABQAD@?$format_validation_base@DV?$string_output_adapter@D@__crt_stdio_output@@@__crt_stdio_output@@IAE@ABV?$string_output_adapter@D@1@AB_KABQBDAAV__crt_cached_ptd_host@@ABQAD@Z 1001efe0 f i libucrtd:output.obj
 0001:0001e010       ??$?0ABV?$string_output_adapter@D@__crt_stdio_output@@AB_KABQBDAAV__crt_cached_ptd_host@@ABQAD@?$positional_parameter_base@DV?$string_output_adapter@D@__crt_stdio_output@@@__crt_stdio_output@@IAE@ABV?$string_output_adapter@D@1@AB_KABQBDAAV__crt_cached_ptd_host@@ABQAD@Z 1001f010 f i libucrtd:output.obj
 0001:0001e090       ??$?0ABV?$string_output_adapter@D@__crt_stdio_output@@AB_KABQBDAAV__crt_cached_ptd_host@@ABQAD@?$standard_base@DV?$string_output_adapter@D@__crt_stdio_output@@@__crt_stdio_output@@IAE@ABV?$string_output_adapter@D@1@AB_KABQBDAAV__crt_cached_ptd_host@@ABQAD@Z 1001f090 f i libucrtd:output.obj
 0001:0001e0e0       ??$?0ABV?$string_output_adapter@_W@__crt_stdio_output@@AB_KABQB_WAAV__crt_cached_ptd_host@@ABQAD@?$format_validation_base@_WV?$string_output_adapter@_W@__crt_stdio_output@@@__crt_stdio_output@@IAE@ABV?$string_output_adapter@_W@1@AB_KABQB_WAAV__crt_cached_ptd_host@@ABQAD@Z 1001f0e0 f i libucrtd:output.obj
 0001:0001e110       ??$?0ABV?$string_output_adapter@_W@__crt_stdio_output@@AB_KABQB_WAAV__crt_cached_ptd_host@@ABQAD@?$positional_parameter_base@_WV?$string_output_adapter@_W@__crt_stdio_output@@@__crt_stdio_output@@IAE@ABV?$string_output_adapter@_W@1@AB_KABQB_WAAV__crt_cached_ptd_host@@ABQAD@Z 1001f110 f i libucrtd:output.obj
 0001:0001e190       ??$?0ABV?$string_output_adapter@_W@__crt_stdio_output@@AB_KABQB_WAAV__crt_cached_ptd_host@@ABQAD@?$standard_base@_WV?$string_output_adapter@_W@__crt_stdio_output@@@__crt_stdio_output@@IAE@ABV?$string_output_adapter@_W@1@AB_KABQB_WAAV__crt_cached_ptd_host@@ABQAD@Z 1001f190 f i libucrtd:output.obj
 0001:0001e7e0       ??$_tcstol_internal@DPAPAD$0A@@@YAJAAV__crt_cached_ptd_host@@QBDQAPADH@Z 1001f7e0 f i libucrtd:output.obj
 0001:0001e820       ??$_tcstol_internal@_WPAPA_W$0A@@@YAJAAV__crt_cached_ptd_host@@QB_WQAPA_WH@Z 1001f820 f i libucrtd:output.obj
 0001:000217c0       ??$count@D@formatting_buffer@__crt_stdio_output@@QBEIXZ 100227c0 f i libucrtd:output.obj
 0001:00021800       ??$count@_W@formatting_buffer@__crt_stdio_output@@QBEIXZ 10022800 f i libucrtd:output.obj
 0001:00021840       ??$data@D@formatting_buffer@__crt_stdio_output@@QAEPADXZ 10022840 f i libucrtd:output.obj
 0001:00021880       ??$data@_W@formatting_buffer@__crt_stdio_output@@QAEPA_WXZ 10022880 f i libucrtd:output.obj
 0001:000218c0       ??$ensure_buffer_is_big_enough@D@formatting_buffer@__crt_stdio_output@@QAE_NIAAV__crt_cached_ptd_host@@@Z 100228c0 f i libucrtd:output.obj
 0001:000219b0       ??$ensure_buffer_is_big_enough@_W@formatting_buffer@__crt_stdio_output@@QAE_NIAAV__crt_cached_ptd_host@@@Z 100229b0 f i libucrtd:output.obj
 0001:00021aa0       ??$extract_argument_from_va_list@C_J@?$positional_parameter_base@DV?$stream_output_adapter@D@__crt_stdio_output@@@__crt_stdio_output@@IAE_NAA_J@Z 10022aa0 f i libucrtd:output.obj
 0001:00021c00       ??$extract_argument_from_va_list@C_J@?$positional_parameter_base@DV?$string_output_adapter@D@__crt_stdio_output@@@__crt_stdio_output@@IAE_NAA_J@Z 10022c00 f i libucrtd:output.obj
 0001:00021d60       ??$extract_argument_from_va_list@C_J@?$positional_parameter_base@_WV?$stream_output_adapter@_W@__crt_stdio_output@@@__crt_stdio_output@@IAE_NAA_J@Z 10022d60 f i libucrtd:output.obj
 0001:00021ed0       ??$extract_argument_from_va_list@C_J@?$positional_parameter_base@_WV?$string_output_adapter@_W@__crt_stdio_output@@@__crt_stdio_output@@IAE_NAA_J@Z 10022ed0 f i libucrtd:output.obj
 0001:00022040       ??$extract_argument_from_va_list@C_J@?$standard_base@DV?$stream_output_adapter@D@__crt_stdio_output@@@__crt_stdio_output@@IAE_NAA_J@Z 10023040 f i libucrtd:output.obj
 0001:00022070       ??$extract_argument_from_va_list@C_J@?$standard_base@DV?$string_output_adapter@D@__crt_stdio_output@@@__crt_stdio_output@@IAE_NAA_J@Z 10023070 f i libucrtd:output.obj
 0001:000220a0       ??$extract_argument_from_va_list@C_J@?$standard_base@_WV?$stream_output_adapter@_W@__crt_stdio_output@@@__crt_stdio_output@@IAE_NAA_J@Z 100230a0 f i libucrtd:output.obj
 0001:000220d0       ??$extract_argument_from_va_list@C_J@?$standard_base@_WV?$string_output_adapter@_W@__crt_stdio_output@@@__crt_stdio_output@@IAE_NAA_J@Z 100230d0 f i libucrtd:output.obj
 0001:00022100       ??$extract_argument_from_va_list@E_J@?$positional_parameter_base@DV?$stream_output_adapter@D@__crt_stdio_output@@@__crt_stdio_output@@IAE_NAA_J@Z 10023100 f i libucrtd:output.obj
 0001:00022260       ??$extract_argument_from_va_list@E_J@?$positional_parameter_base@DV?$string_output_adapter@D@__crt_stdio_output@@@__crt_stdio_output@@IAE_NAA_J@Z 10023260 f i libucrtd:output.obj
 0001:000223c0       ??$extract_argument_from_va_list@E_J@?$positional_parameter_base@_WV?$stream_output_adapter@_W@__crt_stdio_output@@@__crt_stdio_output@@IAE_NAA_J@Z 100233c0 f i libucrtd:output.obj
 0001:00022530       ??$extract_argument_from_va_list@E_J@?$positional_parameter_base@_WV?$string_output_adapter@_W@__crt_stdio_output@@@__crt_stdio_output@@IAE_NAA_J@Z 10023530 f i libucrtd:output.obj
 0001:000226a0       ??$extract_argument_from_va_list@E_J@?$standard_base@DV?$stream_output_adapter@D@__crt_stdio_output@@@__crt_stdio_output@@IAE_NAA_J@Z 100236a0 f i libucrtd:output.obj
 0001:000226d0       ??$extract_argument_from_va_list@E_J@?$standard_base@DV?$string_output_adapter@D@__crt_stdio_output@@@__crt_stdio_output@@IAE_NAA_J@Z 100236d0 f i libucrtd:output.obj
 0001:00022700       ??$extract_argument_from_va_list@E_J@?$standard_base@_WV?$stream_output_adapter@_W@__crt_stdio_output@@@__crt_stdio_output@@IAE_NAA_J@Z 10023700 f i libucrtd:output.obj
 0001:00022730       ??$extract_argument_from_va_list@E_J@?$standard_base@_WV?$string_output_adapter@_W@__crt_stdio_output@@@__crt_stdio_output@@IAE_NAA_J@Z 10023730 f i libucrtd:output.obj
 0001:00022760       ??$extract_argument_from_va_list@F_J@?$positional_parameter_base@DV?$stream_output_adapter@D@__crt_stdio_output@@@__crt_stdio_output@@IAE_NAA_J@Z 10023760 f i libucrtd:output.obj
 0001:000228c0       ??$extract_argument_from_va_list@F_J@?$positional_parameter_base@DV?$string_output_adapter@D@__crt_stdio_output@@@__crt_stdio_output@@IAE_NAA_J@Z 100238c0 f i libucrtd:output.obj
 0001:00022a20       ??$extract_argument_from_va_list@F_J@?$positional_parameter_base@_WV?$stream_output_adapter@_W@__crt_stdio_output@@@__crt_stdio_output@@IAE_NAA_J@Z 10023a20 f i libucrtd:output.obj
 0001:00022b80       ??$extract_argument_from_va_list@F_J@?$positional_parameter_base@_WV?$string_output_adapter@_W@__crt_stdio_output@@@__crt_stdio_output@@IAE_NAA_J@Z 10023b80 f i libucrtd:output.obj
 0001:00022ce0       ??$extract_argument_from_va_list@F_J@?$standard_base@DV?$stream_output_adapter@D@__crt_stdio_output@@@__crt_stdio_output@@IAE_NAA_J@Z 10023ce0 f i libucrtd:output.obj
 0001:00022d10       ??$extract_argument_from_va_list@F_J@?$standard_base@DV?$string_output_adapter@D@__crt_stdio_output@@@__crt_stdio_output@@IAE_NAA_J@Z 10023d10 f i libucrtd:output.obj
 0001:00022d40       ??$extract_argument_from_va_list@F_J@?$standard_base@_WV?$stream_output_adapter@_W@__crt_stdio_output@@@__crt_stdio_output@@IAE_NAA_J@Z 10023d40 f i libucrtd:output.obj
 0001:00022d70       ??$extract_argument_from_va_list@F_J@?$standard_base@_WV?$string_output_adapter@_W@__crt_stdio_output@@@__crt_stdio_output@@IAE_NAA_J@Z 10023d70 f i libucrtd:output.obj
 0001:00022da0       ??$extract_argument_from_va_list@GD@?$positional_parameter_base@DV?$stream_output_adapter@D@__crt_stdio_output@@@__crt_stdio_output@@IAE_NAAD@Z 10023da0 f i libucrtd:output.obj
 0001:00022f00       ??$extract_argument_from_va_list@GD@?$positional_parameter_base@DV?$string_output_adapter@D@__crt_stdio_output@@@__crt_stdio_output@@IAE_NAAD@Z 10023f00 f i libucrtd:output.obj
 0001:00023060       ??$extract_argument_from_va_list@GD@?$standard_base@DV?$stream_output_adapter@D@__crt_stdio_output@@@__crt_stdio_output@@IAE_NAAD@Z 10024060 f i libucrtd:output.obj
 0001:00023090       ??$extract_argument_from_va_list@GD@?$standard_base@DV?$string_output_adapter@D@__crt_stdio_output@@@__crt_stdio_output@@IAE_NAAD@Z 10024090 f i libucrtd:output.obj
 0001:000230c0       ??$extract_argument_from_va_list@G_J@?$positional_parameter_base@DV?$stream_output_adapter@D@__crt_stdio_output@@@__crt_stdio_output@@IAE_NAA_J@Z 100240c0 f i libucrtd:output.obj
 0001:00023220       ??$extract_argument_from_va_list@G_J@?$positional_parameter_base@DV?$string_output_adapter@D@__crt_stdio_output@@@__crt_stdio_output@@IAE_NAA_J@Z 10024220 f i libucrtd:output.obj
 0001:00023380       ??$extract_argument_from_va_list@G_J@?$positional_parameter_base@_WV?$stream_output_adapter@_W@__crt_stdio_output@@@__crt_stdio_output@@IAE_NAA_J@Z 10024380 f i libucrtd:output.obj
 0001:000234f0       ??$extract_argument_from_va_list@G_J@?$positional_parameter_base@_WV?$string_output_adapter@_W@__crt_stdio_output@@@__crt_stdio_output@@IAE_NAA_J@Z 100244f0 f i libucrtd:output.obj
 0001:00023660       ??$extract_argument_from_va_list@G_J@?$standard_base@DV?$stream_output_adapter@D@__crt_stdio_output@@@__crt_stdio_output@@IAE_NAA_J@Z 10024660 f i libucrtd:output.obj
 0001:00023690       ??$extract_argument_from_va_list@G_J@?$standard_base@DV?$string_output_adapter@D@__crt_stdio_output@@@__crt_stdio_output@@IAE_NAA_J@Z 10024690 f i libucrtd:output.obj
 0001:000236c0       ??$extract_argument_from_va_list@G_J@?$standard_base@_WV?$stream_output_adapter@_W@__crt_stdio_output@@@__crt_stdio_output@@IAE_NAA_J@Z 100246c0 f i libucrtd:output.obj
 0001:000236f0       ??$extract_argument_from_va_list@G_J@?$standard_base@_WV?$string_output_adapter@_W@__crt_stdio_output@@@__crt_stdio_output@@IAE_NAA_J@Z 100246f0 f i libucrtd:output.obj
 0001:00023720       ??$extract_argument_from_va_list@H_J@?$positional_parameter_base@DV?$stream_output_adapter@D@__crt_stdio_output@@@__crt_stdio_output@@IAE_NAA_J@Z 10024720 f i libucrtd:output.obj
 0001:00023880       ??$extract_argument_from_va_list@H_J@?$positional_parameter_base@DV?$string_output_adapter@D@__crt_stdio_output@@@__crt_stdio_output@@IAE_NAA_J@Z 10024880 f i libucrtd:output.obj
[...]
 0002:0002145d       $N00028                    100b645d     modbus.exp
 0002:00021479       $N00029                    100b6479     modbus.exp
 0002:0002148f       $N00030                    100b648f     modbus.exp
 0002:0002149e       $N00031                    100b649e     modbus.exp
 0002:000214ba       $N00032                    100b64ba     modbus.exp
 0002:000214c7       $N00033                    100b64c7     modbus.exp
 0002:000214de       $N00034                    100b64de     modbus.exp
 0002:000214f5       $N00035                    100b64f5     modbus.exp
 0002:00021508       $N00036                    100b6508     modbus.exp
 0002:00021521       $N00037                    100b6521     modbus.exp
 0002:0002153c       $N00038                    100b653c     modbus.exp
 0002:00021556       $N00039                    100b6556     modbus.exp
 0002:00021569       $N00040                    100b6569     modbus.exp
 0002:00021582       $N00041                    100b6582     modbus.exp
 0002:0002159d       $N00042                    100b659d     modbus.exp
 0002:000215b5       $N00043                    100b65b5     modbus.exp
 0002:000215d1       $N00044                    100b65d1     modbus.exp
 0002:000215eb       $N00045                    100b65eb     modbus.exp
 0002:00021606       $N00046                    100b6606     modbus.exp
 0002:0002161e       $N00047                    100b661e     modbus.exp
 0002:0002162f       $N00048                    100b662f     modbus.exp
 0002:00021649       $N00049                    100b6649     modbus.exp
 0002:0002165a       $N00050                    100b665a     modbus.exp
 0002:00021670       $N00051                    100b6670     modbus.exp
 0002:00021686       $N00052                    100b6686     modbus.exp
 0002:0002169c       $N00053                    100b669c     modbus.exp
 0002:000216b2       $N00054                    100b66b2     modbus.exp
 0002:000216d0       $N00055                    100b66d0     modbus.exp
 0002:000216ec       $N00056                    100b66ec     modbus.exp
 0002:000216fd       $N00057                    100b66fd     modbus.exp
 0002:0002170f       $N00058                    100b670f     modbus.exp
 0002:0002171f       $N00059                    100b671f     modbus.exp
 0002:00021731       $N00060                    100b6731     modbus.exp
 0002:00021743       $N00061                    100b6743     modbus.exp
 0002:00021758       $N00062                    100b6758     modbus.exp
 0002:0002176d       $N00063                    100b676d     modbus.exp
 0002:0002178d       $N00064                    100b678d     modbus.exp
 0002:0002179e       $N00065                    100b679e     modbus.exp
 0002:000217b0       $N00066                    100b67b0     modbus.exp
 0002:000217c6       $N00067                    100b67c6     modbus.exp
 0002:00021a1a       .idata$6                   100b6a1a     ws2_32:WS2_32.dll
 0002:00021ab0       .idata$6                   100b6ab0     kernel32:KERNEL32.dll
 0003:00000000       $SG73521                   100b8000     modbus-data.obj
 0003:00000080       $SG73522                   100b8080     modbus-data.obj
 0003:00000098       $SG76074                   100b8098     modbus-rtu.obj
 0003:00000114       $SG76075                   100b8114     modbus-rtu.obj
 0003:00000138       $SG76148                   100b8138     modbus-rtu.obj
 0003:00000150       $SG76167                   100b8150     modbus-rtu.obj
 0003:00000188       $SG76178                   100b8188     modbus-rtu.obj
 0003:000001bc       $SG76182                   100b81bc     modbus-rtu.obj
 0003:000001e4       $SG76203                   100b81e4     modbus-rtu.obj
 0003:0000020c       $SG76206                   100b820c     modbus-rtu.obj
 0003:0000023c       $SG76209                   100b823c     modbus-rtu.obj
 0003:00000270       $SG76223                   100b8270     modbus-rtu.obj
 0003:000002a8       $SG76237                   100b82a8     modbus-rtu.obj
 0003:000002d8       $SG76245                   100b82d8     modbus-rtu.obj
 0003:00000308       $SG76253                   100b8308     modbus-rtu.obj
 0003:00000338       $SG76261                   100b8338     modbus-rtu.obj
 0003:00000368       $SG76272                   100b8368     modbus-rtu.obj
 0003:00000398       $SG76280                   100b8398     modbus-rtu.obj
 0003:000003c8       $SG76290                   100b83c8     modbus-rtu.obj
 0003:000003f8       $SG76298                   100b83f8     modbus-rtu.obj
 0003:00000430       $SG76300                   100b8430     modbus-rtu.obj
 0003:00000464       $SG76347                   100b8464     modbus-rtu.obj
 0003:00000480       $SG76349                   100b8480     modbus-rtu.obj
 0003:000004a8       $SG75554                   100b84a8     modbus-tcp.obj
 0003:000004d0       $SG75617                   100b84d0     modbus-tcp.obj
 0003:00000504       $SG75620                   100b8504     modbus-tcp.obj
 0003:00000534       $SG75682                   100b8534     modbus-tcp.obj
 0003:0000054c       $SG75685                   100b854c     modbus-tcp.obj
 0003:00000564       $SG75708                   100b8564     modbus-tcp.obj
 0003:00000588       $SG75712                   100b8588     modbus-tcp.obj
 0003:000005a0       $SG75777                   100b85a0     modbus-tcp.obj
 0003:000005b8       $SG75810                   100b85b8     modbus-tcp.obj
 0003:000005bc       $SG75813                   100b85bc     modbus-tcp.obj
 0003:000005e0       $SG75817                   100b85e0     modbus-tcp.obj
 0003:000005e8       $SG75820                   100b85e8     modbus-tcp.obj
 0003:000005f4       $SG75823                   100b85f4     modbus-tcp.obj
 0003:000005fc       $SG75826                   100b85fc     modbus-tcp.obj
 0003:00000604       $SG75842                   100b8604     modbus-tcp.obj
 0003:00000634       $SG75843                   100b8634     modbus-tcp.obj
 0003:0000065c       $SG75858                   100b865c     modbus-tcp.obj
 0003:0000068c       $SG75859                   100b868c     modbus-tcp.obj
 0003:000006b4       $SG75888                   100b86b4     modbus-tcp.obj
 0003:000006d8       $SG75929                   100b86d8     modbus-tcp.obj
 0003:000006f0       $SG75931                   100b86f0     modbus-tcp.obj
 0003:00000714       $SG75962                   100b8714     modbus-tcp.obj
 0003:00000718       $SG76045                   100b8718     modbus.obj
 0003:0000072c       $SG76047                   100b872c     modbus.obj
 0003:00000744       $SG76049                   100b8744     modbus.obj
 0003:00000758       $SG76051                   100b8758     modbus.obj
 0003:00000778       $SG76053                   100b8778     modbus.obj
 0003:00000784       $SG76055                   100b8784     modbus.obj
 0003:000007a4       $SG76057                   100b87a4     modbus.obj
 0003:000007bc       $SG76059                   100b87bc     modbus.obj
 0003:000007d0       $SG76061                   100b87d0     modbus.obj
 0003:000007ec       $SG76063                   100b87ec     modbus.obj
 0003:0000080c       $SG76065                   100b880c     modbus.obj
 0003:00000818       $SG76067                   100b8818     modbus.obj
 0003:00000828       $SG76069                   100b8828     modbus.obj
 0003:00000840       $SG76071                   100b8840     modbus.obj
 0003:00000850       $SG76073                   100b8850     modbus.obj
 0003:00000874       $SG76080                   100b8874     modbus.obj
 0003:00000880       $SG76083                   100b8880     modbus.obj
 0003:00000888       $SG76084                   100b8888     modbus.obj
 0003:0000088c       $SG76094                   100b888c     modbus.obj
 0003:000008a0       $SG76129                   100b88a0     modbus.obj
 0003:000008a8       $SG76130                   100b88a8     modbus.obj
 0003:000008ac       $SG76235                   100b88ac     modbus.obj
 0003:000008cc       $SG76236                   100b88cc     modbus.obj
 0003:000008ec       $SG76239                   100b88ec     modbus.obj
 0003:00000918       $SG76248                   100b8918     modbus.obj
 0003:00000920       $SG76254                   100b8920     modbus.obj
 0003:00000928       $SG76258                   100b8928     modbus.obj
 0003:00000930       $SG76264                   100b8930     modbus.obj
 0003:00000940       $SG76269                   100b8940     modbus.obj
 0003:00000948       $SG76313                   100b8948     modbus.obj
 0003:0000098c       $SG76335                   100b898c     modbus.obj
 0003:000009c8       $SG76338                   100b89c8     modbus.obj
 0003:00000a0c       $SG76448                   100b8a0c     modbus.obj
 0003:00000a1c       $SG76449                   100b8a1c     modbus.obj
 0003:00000a28       $SG76453                   100b8a28     modbus.obj
 0003:00000a50       $SG76457                   100b8a50     modbus.obj
 0003:00000a74       $SG76460                   100b8a74     modbus.obj
 0003:00000a8c       $SG76461                   100b8a8c     modbus.obj
 0003:00000a9c       $SG76465                   100b8a9c     modbus.obj
 0003:00000ac4       $SG76469                   100b8ac4     modbus.obj
 0003:00000ae8       $SG76473                   100b8ae8     modbus.obj
 0003:00000b14       $SG76475                   100b8b14     modbus.obj
 0003:00000b50       $SG76479                   100b8b50     modbus.obj
 0003:00000b90       $SG76483                   100b8b90     modbus.obj
 0003:00000bc0       $SG76485                   100b8bc0     modbus.obj
 0003:00000c00       $SG76490                   100b8c00     modbus.obj
 0003:00000c34       $SG76494                   100b8c34     modbus.obj
 0003:00000c60       $SG76499                   100b8c60     modbus.obj
 0003:00000c9c       $SG76503                   100b8c9c     modbus.obj
 0003:00000ccc       $SG76505                   100b8ccc     modbus.obj
 0003:00000cd8       $SG76508                   100b8cd8     modbus.obj
 0003:00000cf0       $SG76513                   100b8cf0     modbus.obj
 0003:00000d20       $SG76515                   100b8d20     modbus.obj
 0003:00000d68       $SG76520                   100b8d68     modbus.obj
 0003:00000db8       $SG76524                   100b8db8     modbus.obj
 0003:00000e0c       $SG76526                   100b8e0c     modbus.obj
 0003:00000e34       $SG76578                   100b8e34     modbus.obj
 0003:00000e60       $SG76591                   100b8e60     modbus.obj
 0003:00000e94       $SG76612                   100b8e94     modbus.obj
 0003:00000ec4       $SG76626                   100b8ec4     modbus.obj
 0003:00000ef4       $SG76637                   100b8ef4     modbus.obj
 0003:00000f28       $SG76689                   100b8f28     modbus.obj
 0003:00000f50       $SG76712                   100b8f50     modbus.obj
 0003:00000f88       $SG76751                   100b8f88     modbus.obj
 0003:00000fb8       $SG76754                   100b8fb8     modbus.obj
 0003:00001070       ?prefix@?1??getDimension@UnDecorator@@CA?AVDName@@_N@Z@4UStringLiteral@@A 100b9070     libvcruntimed:undname.obj
 0003:00001078       ?__vcrt_flsindex@@3KA      100b9078     libvcruntimed:per_thread_data.obj
 0003:00001090       ?errno_no_memory@@3HA      100b9090     libucrtd:errno.obj
 0003:00001094       ?doserrno_no_memory@@3KA   100b9094     libucrtd:errno.obj
 0003:00001140       ?__acrt_current_request_number@@3JA 100b9140     libucrtd:debug_heap.obj
 0003:00001160       ?__acrt_flsindex@@3KA      100b9160     libucrtd:per_thread_data.obj
 0003:000011a0       ?__acrt_debug_fill_threshold@@3IA 100b91a0     libucrtd:debug_fill_threshold.obj
 0003:000011a4       __ctype_loc_style          100b91a4     libucrtd:wsetlocale.obj
 0003:000014b0       __mbctypes                 100b94b0     libucrtd:mbctype.obj
 0003:000015b8       __mbcasemaps               100b95b8     libucrtd:mbctype.obj
 0003:000016b8       ?__rgctypeflag@@3PADA      100b96b8     libucrtd:mbctype.obj
 0003:000016c0       ?__rgcode_page_info@@3PAUcode_page_info@@A 100b96c0     libucrtd:mbctype.obj
 0003:00001920       ?__dcrt_lowio_console_output_handle@@3PAXA 100b9920     libucrtd:initcon.obj
 0003:00001930       ?__DAZ_ENABLED@?1??__set_fpsr_sse2@@9@9 100b9930     libucrtd:fpctrl.obj
 0003:00001a50       $SG75958                   100b9a50     modbus-tcp.obj
 0003:00001a51       ?init@?1??_RTC_InitBase@@9@4_NA 100b9a51     LIBCMTD:init.obj
 0003:00001a58       _GS_ExceptionRecord        100b9a58     LIBCMTD:gs_report.obj
 0003:00001aa8       _GS_ContextRecord          100b9aa8     LIBCMTD:gs_report.obj
 0003:00001d74       ?__proc_attached@@3HA      100b9d74     LIBCMTD:dll_dllmain.obj
 0003:00001d78       ?_RTC_ErrorReportFunc@@3P6AHHPBDH00ZZA 100b9d78     LIBCMTD:userapi.obj
 0003:00001d7c       ?_RTC_ErrorReportFuncW@@3P6AHHPB_WH00ZZA 100b9d7c     LIBCMTD:userapi.obj
 0003:00001da0       ?is_initialized_as_dll@@3_NA 100b9da0     LIBCMTD:utility.obj
 0003:00001da1       ?module_local_atexit_table_initialized@@3_NA 100b9da1     LIBCMTD:utility.obj
 0003:00001da4       ?module_local_atexit_table@@3U_onexit_table_t@@A 100b9da4     LIBCMTD:utility.obj
 0003:00001db0       ?module_local_at_quick_exit_table@@3U_onexit_table_t@@A 100b9db0     LIBCMTD:utility.obj
 0003:00001dd0       ?mspdb@@3PAUHINSTANCE__@@A 100b9dd0     LIBCMTD:pdblkup.obj
 0003:00001dd4       ?alreadyTried@?1??GetPdbDll@@YAPAUHINSTANCE__@@XZ@4_NA 100b9dd4     LIBCMTD:pdblkup.obj
 0003:00001dd5       ?PDBOK@?1??_RTC_GetSrcLine@@YAHPAEPA_WKPAH1K@Z@4_NA 100b9dd5     LIBCMTD:pdblkup.obj
 0003:00001e04       ?heap@@3V_HeapManager@@A   100b9e04     libvcruntimed:undname.obj
 0003:00001e18       ?__vcrt_startup_thread_ptd@@3U__vcrt_ptd@@A 100b9e18     libvcruntimed:per_thread_data.obj
 0003:00001e40       ___vcrt_lock_table         100b9e40     libvcruntimed:locks.obj
 0003:00001e58       ___vcrt_locks_initialized  100b9e58     libvcruntimed:locks.obj
 0003:00001e5c       ?module_handles@@3PAPAUHINSTANCE__@@A 100b9e5c     libvcruntimed:winapi_downlevel.obj
 0003:00001e68       ?function_pointers@@3PAPAXA 100b9e68     libvcruntimed:winapi_downlevel.obj
 0003:00001e8c       ?c_termination_complete@@3JA 100b9e8c     libucrtd:exit.obj
 0003:00001e90       ?thread_local_exit_callback_func@@3P6GXPAXK0@ZA 100b9e90     libucrtd:exit.obj
 0003:00001e94       ?c_exit_complete@?1???R<lambda_6e4b09c48022b2350581041d5f6b0c4c>@@QBE@XZ@4_NA 100b9e94     libucrtd:exit.obj
 0003:00001e98       ?program_name@?1???$common_configure_argv@D@@YAHW4_crt_argv_mode@@@Z@4PADA 100b9e98     libucrtd:argv_parsing.obj
 0003:00001fa0       ?program_name@?1???$common_configure_argv@_W@@YAHW4_crt_argv_mode@@@Z@4PA_WA 100b9fa0     libucrtd:argv_parsing.obj
 0003:000021d4       ?__acrt_first_block@@3PAU_CrtMemBlockHeader@@A 100ba1d4     libucrtd:debug_heap.obj
 0003:000021d8       ?__acrt_last_block@@3PAU_CrtMemBlockHeader@@A 100ba1d8     libucrtd:debug_heap.obj
 0003:000021dc       ?__acrt_total_allocations@@3IA 100ba1dc     libucrtd:debug_heap.obj
 0003:000021e0       ?__acrt_current_allocations@@3IA 100ba1e0     libucrtd:debug_heap.obj
 0003:000021e4       ?__acrt_max_allocations@@3IA 100ba1e4     libucrtd:debug_heap.obj
 0003:000021e8       ?__acrt_check_frequency@@3IA 100ba1e8     libucrtd:debug_heap.obj
 0003:000021ec       ?__acrt_check_counter@@3IA 100ba1ec     libucrtd:debug_heap.obj
 0003:000021f4       ?heap_validation_pending@@3_NA 100ba1f4     libucrtd:debug_heap.obj
 0003:000021f8       ?__acrt_invalid_parameter_handler@@3V?$dual_state_global@P6AXPB_W00II@Z@__crt_state_management@@A 100ba1f8     libucrtd:invalid_parameter.obj
 0003:000021fc       ?__acrt_app_type@@3W4_crt_app_type@@A 100ba1fc     libucrtd:report_runtime_error.obj
 0003:00002200       ?outmsg@?9??__acrt_report_runtime_error@@9@4PA_WA 100ba200     libucrtd:report_runtime_error.obj
 0003:00002828       ___acrt_error_mode         100ba828     libucrtd:set_error_mode.obj
 0003:0000282c       ?console_ctrl_handler_installed@@3_NA 100ba82c     libucrtd:signal.obj
 0003:00002830       ?ctrlc_action@@3V?$dual_state_global@P6AXH@Z@__crt_state_management@@A 100ba830     libucrtd:signal.obj
 0003:00002834       ?ctrlbreak_action@@3V?$dual_state_global@P6AXH@Z@__crt_state_management@@A 100ba834     libucrtd:signal.obj
 0003:00002838       ?abort_action@@3V?$dual_state_global@P6AXH@Z@__crt_state_management@@A 100ba838     libucrtd:signal.obj
 0003:0000283c       ?term_action@@3V?$dual_state_global@P6AXH@Z@__crt_state_management@@A 100ba83c     libucrtd:signal.obj
 0003:00002840       ?module_handles@@3PAPAUHINSTANCE__@@A 100ba840     libucrtd:winapi_thunks.obj
 0003:00002898       ?encoded_function_pointers@@3PAPAXA 100ba898     libucrtd:winapi_thunks.obj
 0003:00002924       ?static_enum_proc@?1??enum_system_locales_ex_nolock@@YAHQ6GHPA_WKJ@Z@Z@4P6GH0KJ@ZA 100ba924     libucrtd:winapi_thunks.obj
 0003:00002b2c       ?internal_state@?1??_mbtowc_internal@@9@4U_Mbstatet@@A 100bab2c     libucrtd:mbtowc.obj
 0003:00002b34       ?enable_percent_n@@3IA     100bab34     libucrtd:printf_count_output.obj
 0003:00002b58       ?__acrt_lock_table@@3PAU_RTL_CRITICAL_SECTION@@A 100bab58     libucrtd:locks.obj
 0003:00002ca8       ?__acrt_locks_initialized@@3IA 100baca8     libucrtd:locks.obj
 0003:00002cac       ?state_cache@?1???$get_cached_win_policy@Ubegin_thread_init_policy_properties@?1??__acrt_get_begin_thread_init_policy@@YA?AW4begin_thread_init_policy@@XZ@@@YA?AW4begin_thread_init_policy@@W4AppPolicyThreadInitializationType@@@Z@4JA 100bacac     libucrtd:win_policies.obj
 0003:00002cb0       ?state_cache@?1???$get_cached_win_policy@Udeveloper_information_policy_properties@?1??__acrt_get_developer_information_policy@@YA?AW4developer_information_policy@@XZ@@@YA?AW4developer_information_policy@@W4AppPolicyShowDeveloperDiagnostic@@@Z@4JA 100bacb0     libucrtd:win_policies.obj
 0003:00002cb4       ?state_cache@?1???$get_cached_win_policy@Uwindowing_model_policy_properties@?1??__acrt_get_windowing_model_policy@@YA?AW4windowing_model_policy@@XZ@@@YA?AW4windowing_model_policy@@W4AppPolicyWindowingModel@@@Z@4JA 100bacb4     libucrtd:win_policies.obj
 0003:00002cc4       ?fSystemSet@@3HA           100bacc4     libucrtd:mbctype.obj
 0003:00002cc8       ?initialized@?1??__acrt_initialize_multibyte@@9@4_NA 100bacc8     libucrtd:mbctype.obj
 0003:00002cec       ?__acrt_new_handler@@3V?$dual_state_global@P6AHI@Z@__crt_state_management@@A 100bacec     libucrtd:new_handler.obj
 0003:00002cf0       ?user_matherr@@3V?$dual_state_global@P6AHPAU_exception@@@Z@__crt_state_management@@A 100bacf0     libucrtd:matherr.obj
 0003:00002cf4       ?__acrt_global_new_mode@@3V?$dual_state_global@J@__crt_state_management@@A 100bacf4     libucrtd:new_mode.obj
 0003:00002cf8       ?mbst@?1??mbrlen@@9@4U_Mbstatet@@A 100bacf8     libucrtd:mbrtowc.obj
 0003:00002d00       ?mbst@?1??mbrtowc@@9@4U_Mbstatet@@A 100bad00     libucrtd:mbrtowc.obj
 0003:00002d08       ?mbst@?1??_mbsrtowcs_helper@@YAIPA_WPAPBDIPAU_Mbstatet@@AAV__crt_cached_ptd_host@@@Z@4U2@A 100bad08     libucrtd:mbrtowc.obj
 0003:00002d18       ?internal_pst@?1??__mbrtoc32_utf8@__crt_mbstring@@YAIPA_UPBDIPAU_Mbstatet@@AAV__crt_cached_ptd_host@@@Z@4U3@A 100bad18     libucrtd:mbrtoc32.obj
 0003:00002d20       ?local_state@?7??_wcrtomb_internal@@YAHQAHQADI_WQAU_Mbstatet@@AAV__crt_cached_ptd_host@@@Z@4U2@A 100bad20     libucrtd:wcrtomb.obj
 0003:00002d28       __pmatherr_set             100bad28     libucrtd:libm_error.obj
 0003:00002d2c       ?internal_pst@?1??__c16rtomb_utf8@__crt_mbstring@@YAIPAD_SPAU_Mbstatet@@AAV__crt_cached_ptd_host@@@Z@4U3@A 100bad2c     libucrtd:c16rtomb.obj
 0004:000000a0       $R000000                   100bb0a0     modbus.res
 0004:00000310       $R000270                   100bb310     modbus.res
